Archive member included to satisfy reference by file (symbol)

E:/C/stm32/configuration/arm-gnu-toolchain-13.3.rel1-mingw-w64-i686-arm-none-eabi/bin/../lib/gcc/arm-none-eabi/13.3.1/thumb/v7-m/nofp\libgcc.a(_arm_muldf3.o)
                              CMakeFiles/balance_car.elf.dir/Src/inv_mpu.c.obj (__aeabi_dmul)
E:/C/stm32/configuration/arm-gnu-toolchain-13.3.rel1-mingw-w64-i686-arm-none-eabi/bin/../lib/gcc/arm-none-eabi/13.3.1/thumb/v7-m/nofp\libgcc.a(_arm_mulsf3.o)
                              CMakeFiles/balance_car.elf.dir/Src/inv_mpu.c.obj (__aeabi_fmul)
E:/C/stm32/configuration/arm-gnu-toolchain-13.3.rel1-mingw-w64-i686-arm-none-eabi/bin/../lib/gcc/arm-none-eabi/13.3.1/thumb/v7-m/nofp\libgcc.a(_arm_addsubdf3.o)
                              CMakeFiles/balance_car.elf.dir/Src/main.c.obj (__aeabi_dsub)
E:/C/stm32/configuration/arm-gnu-toolchain-13.3.rel1-mingw-w64-i686-arm-none-eabi/bin/../lib/gcc/arm-none-eabi/13.3.1/thumb/v7-m/nofp\libgcc.a(_arm_muldivdf3.o)
                              CMakeFiles/balance_car.elf.dir/Src/mpu6050.c.obj (__aeabi_ddiv)
E:/C/stm32/configuration/arm-gnu-toolchain-13.3.rel1-mingw-w64-i686-arm-none-eabi/bin/../lib/gcc/arm-none-eabi/13.3.1/thumb/v7-m/nofp\libgcc.a(_arm_truncdfsf2.o)
                              CMakeFiles/balance_car.elf.dir/Src/inv_mpu.c.obj (__aeabi_d2f)
E:/C/stm32/configuration/arm-gnu-toolchain-13.3.rel1-mingw-w64-i686-arm-none-eabi/bin/../lib/gcc/arm-none-eabi/13.3.1/thumb/v7-m/nofp\libgcc.a(_arm_addsubsf3.o)
                              CMakeFiles/balance_car.elf.dir/Src/inv_mpu.c.obj (__aeabi_fsub)
E:/C/stm32/configuration/arm-gnu-toolchain-13.3.rel1-mingw-w64-i686-arm-none-eabi/bin/../lib/gcc/arm-none-eabi/13.3.1/thumb/v7-m/nofp\libgcc.a(_arm_muldivsf3.o)
                              CMakeFiles/balance_car.elf.dir/Src/fliter.c.obj (__aeabi_fdiv)
E:/C/stm32/configuration/arm-gnu-toolchain-13.3.rel1-mingw-w64-i686-arm-none-eabi/bin/../lib/gcc/arm-none-eabi/13.3.1/thumb/v7-m/nofp\libgcc.a(_arm_cmpsf2.o)
                              CMakeFiles/balance_car.elf.dir/Src/inv_mpu.c.obj (__aeabi_fcmpeq)
E:/C/stm32/configuration/arm-gnu-toolchain-13.3.rel1-mingw-w64-i686-arm-none-eabi/bin/../lib/gcc/arm-none-eabi/13.3.1/thumb/v7-m/nofp\libgcc.a(_arm_fixsfsi.o)
                              CMakeFiles/balance_car.elf.dir/Src/inv_mpu.c.obj (__aeabi_f2iz)
E:/C/stm32/configuration/arm-gnu-toolchain-13.3.rel1-mingw-w64-i686-arm-none-eabi/bin/../lib/gcc/arm-none-eabi/13.3.1/thumb/v7-m/nofp\libgcc.a(_arm_fixunssfsi.o)
                              CMakeFiles/balance_car.elf.dir/Src/control.c.obj (__aeabi_f2uiz)
E:/C/stm32/configuration/arm-gnu-toolchain-13.3.rel1-mingw-w64-i686-arm-none-eabi/bin/../lib/gcc/arm-none-eabi/13.3.1/thumb/v7-m/nofp\libgcc.a(_aeabi_ldivmod.o)
                              CMakeFiles/balance_car.elf.dir/Src/inv_mpu.c.obj (__aeabi_ldivmod)
E:/C/stm32/configuration/arm-gnu-toolchain-13.3.rel1-mingw-w64-i686-arm-none-eabi/bin/../lib/gcc/arm-none-eabi/13.3.1/thumb/v7-m/nofp\libgcc.a(_udivmoddi4.o)
                              E:/C/stm32/configuration/arm-gnu-toolchain-13.3.rel1-mingw-w64-i686-arm-none-eabi/bin/../lib/gcc/arm-none-eabi/13.3.1/thumb/v7-m/nofp\libgcc.a(_aeabi_ldivmod.o) (__udivmoddi4)
E:/C/stm32/configuration/arm-gnu-toolchain-13.3.rel1-mingw-w64-i686-arm-none-eabi/bin/../lib/gcc/arm-none-eabi/13.3.1/thumb/v7-m/nofp\libgcc.a(_dvmd_tls.o)
                              E:/C/stm32/configuration/arm-gnu-toolchain-13.3.rel1-mingw-w64-i686-arm-none-eabi/bin/../lib/gcc/arm-none-eabi/13.3.1/thumb/v7-m/nofp\libgcc.a(_aeabi_ldivmod.o) (__aeabi_ldiv0)
E:/C/stm32/configuration/arm-gnu-toolchain-13.3.rel1-mingw-w64-i686-arm-none-eabi/bin/../lib/gcc/arm-none-eabi/13.3.1/thumb/v7-m/nofp\libg.a(libc_a-exit.o)
                              E:/C/stm32/configuration/arm-gnu-toolchain-13.3.rel1-mingw-w64-i686-arm-none-eabi/bin/../lib/gcc/arm-none-eabi/13.3.1/thumb/v7-m/nofp/crt0.o (exit)
E:/C/stm32/configuration/arm-gnu-toolchain-13.3.rel1-mingw-w64-i686-arm-none-eabi/bin/../lib/gcc/arm-none-eabi/13.3.1/thumb/v7-m/nofp\libg.a(libc_a-findfp.o)
                              E:/C/stm32/configuration/arm-gnu-toolchain-13.3.rel1-mingw-w64-i686-arm-none-eabi/bin/../lib/gcc/arm-none-eabi/13.3.1/thumb/v7-m/nofp\libg.a(libc_a-exit.o) (__stdio_exit_handler)
E:/C/stm32/configuration/arm-gnu-toolchain-13.3.rel1-mingw-w64-i686-arm-none-eabi/bin/../lib/gcc/arm-none-eabi/13.3.1/thumb/v7-m/nofp\libg.a(libc_a-fwalk.o)
                              E:/C/stm32/configuration/arm-gnu-toolchain-13.3.rel1-mingw-w64-i686-arm-none-eabi/bin/../lib/gcc/arm-none-eabi/13.3.1/thumb/v7-m/nofp\libg.a(libc_a-findfp.o) (_fwalk_sglue)
E:/C/stm32/configuration/arm-gnu-toolchain-13.3.rel1-mingw-w64-i686-arm-none-eabi/bin/../lib/gcc/arm-none-eabi/13.3.1/thumb/v7-m/nofp\libg.a(libc_a-printf.o)
                              CMakeFiles/balance_car.elf.dir/Src/inv_mpu.c.obj (printf)
[...]
Memory Configuration

Name             Origin             Length             Attributes
RAM              0x20000000         0x00005000         xrw
FLASH            0x08000000         0x00010000         xr
*default*        0x00000000         0xffffffff

Linker script and memory map

LOAD E:/C/stm32/configuration/arm-gnu-toolchain-13.3.rel1-mingw-w64-i686-arm-none-eabi/bin/../lib/gcc/arm-none-eabi/13.3.1/thumb/v7-m/nofp/crti.o
LOAD E:/C/stm32/configuration/arm-gnu-toolchain-13.3.rel1-mingw-w64-i686-arm-none-eabi/bin/../lib/gcc/arm-none-eabi/13.3.1/thumb/v7-m/nofp/crtbegin.o
LOAD E:/C/stm32/configuration/arm-gnu-toolchain-13.3.rel1-mingw-w64-i686-arm-none-eabi/bin/../lib/gcc/arm-none-eabi/13.3.1/thumb/v7-m/nofp/crt0.o
LOAD CMakeFiles/balance_car.elf.dir/Drivers/STM32F1xx_HAL_Driver/Src/stm32f1xx_hal.c.obj
LOAD CMakeFiles/balance_car.elf.dir/Drivers/STM32F1xx_HAL_Driver/Src/stm32f1xx_hal_cortex.c.obj
LOAD CMakeFiles/balance_car.elf.dir/Drivers/STM32F1xx_HAL_Driver/Src/stm32f1xx_hal_dma.c.obj
LOAD CMakeFiles/balance_car.elf.dir/Drivers/STM32F1xx_HAL_Driver/Src/stm32f1xx_hal_exti.c.obj
LOAD CMakeFiles/balance_car.elf.dir/Drivers/STM32F1xx_HAL_Driver/Src/stm32f1xx_hal_flash.c.obj
LOAD CMakeFiles/balance_car.elf.dir/Drivers/STM32F1xx_HAL_Driver/Src/stm32f1xx_hal_flash_ex.c.obj
LOAD CMakeFiles/balance_car.elf.dir/Drivers/STM32F1xx_HAL_Driver/Src/stm32f1xx_hal_gpio.c.obj
LOAD CMakeFiles/balance_car.elf.dir/Drivers/STM32F1xx_HAL_Driver/Src/stm32f1xx_hal_gpio_ex.c.obj
LOAD CMakeFiles/balance_car.elf.dir/Drivers/STM32F1xx_HAL_Driver/Src/stm32f1xx_hal_i2c.c.obj
LOAD CMakeFiles/balance_car.elf.dir/Drivers/STM32F1xx_HAL_Driver/Src/stm32f1xx_hal_pwr.c.obj
LOAD CMakeFiles/balance_car.elf.dir/Drivers/STM32F1xx_HAL_Driver/Src/stm32f1xx_hal_rcc.c.obj
LOAD CMakeFiles/balance_car.elf.dir/Drivers/STM32F1xx_HAL_Driver/Src/stm32f1xx_hal_rcc_ex.c.obj
LOAD CMakeFiles/balance_car.elf.dir/Drivers/STM32F1xx_HAL_Driver/Src/stm32f1xx_hal_tim.c.obj
LOAD CMakeFiles/balance_car.elf.dir/Drivers/STM32F1xx_HAL_Driver/Src/stm32f1xx_hal_tim_ex.c.obj
LOAD CMakeFiles/balance_car.elf.dir/Drivers/STM32F1xx_HAL_Driver/Src/stm32f1xx_hal_uart.c.obj
LOAD CMakeFiles/balance_car.elf.dir/Src/control.c.obj
LOAD CMakeFiles/balance_car.elf.dir/Src/fliter.c.obj
LOAD CMakeFiles/balance_car.elf.dir/Src/gpio.c.obj
LOAD CMakeFiles/balance_car.elf.dir/Src/i2c.c.obj
LOAD CMakeFiles/balance_car.elf.dir/Src/inv_mpu.c.obj
LOAD CMakeFiles/balance_car.elf.dir/Src/inv_mpu_dmp_motion_driver.c.obj
LOAD CMakeFiles/balance_car.elf.dir/Src/main.c.obj
LOAD CMakeFiles/balance_car.elf.dir/Src/mpu6050.c.obj
LOAD CMakeFiles/balance_car.elf.dir/Src/pid.c.obj
LOAD CMakeFiles/balance_car.elf.dir/Src/retarget.c.obj
LOAD CMakeFiles/balance_car.elf.dir/Src/stm32f1xx_hal_msp.c.obj
LOAD CMakeFiles/balance_car.elf.dir/Src/stm32f1xx_it.c.obj
LOAD CMakeFiles/balance_car.elf.dir/Src/syscalls.c.obj
LOAD CMakeFiles/balance_car.elf.dir/Src/sysmem.c.obj
LOAD CMakeFiles/balance_car.elf.dir/Src/system_stm32f1xx.c.obj
LOAD CMakeFiles/balance_car.elf.dir/Src/tim.c.obj
LOAD CMakeFiles/balance_car.elf.dir/Src/usart.c.obj
LOAD CMakeFiles/balance_car.elf.dir/Startup/startup_stm32f103c8tx.s.obj
START GROUP
LOAD E:/C/stm32/configuration/arm-gnu-toolchain-13.3.rel1-mingw-w64-i686-arm-none-eabi/bin/../lib/gcc/arm-none-eabi/13.3.1/thumb/v7-m/nofp\libgcc.a
LOAD E:/C/stm32/configuration/arm-gnu-toolchain-13.3.rel1-mingw-w64-i686-arm-none-eabi/bin/../lib/gcc/arm-none-eabi/13.3.1/thumb/v7-m/nofp\libg.a
LOAD E:/C/stm32/configuration/arm-gnu-toolchain-13.3.rel1-mingw-w64-i686-arm-none-eabi/bin/../lib/gcc/arm-none-eabi/13.3.1/thumb/v7-m/nofp\libc.a
END GROUP
LOAD E:/C/stm32/configuration/arm-gnu-toolchain-13.3.rel1-mingw-w64-i686-arm-none-eabi/bin/../lib/gcc/arm-none-eabi/13.3.1/thumb/v7-m/nofp/crtend.o
LOAD E:/C/stm32/configuration/arm-gnu-toolchain-13.3.rel1-mingw-w64-i686-arm-none-eabi/bin/../lib/gcc/arm-none-eabi/13.3.1/thumb/v7-m/nofp/crtn.o
                0x20005000                        _estack = (ORIGIN (RAM) + LENGTH (RAM))
                0x00000200                        _Min_Heap_Size = 0x200
                0x00000400                        _Min_Stack_Size = 0x400

.isr_vector     0x08000000      0x10c
                0x08000000                        . = ALIGN (0x4)
 *(.isr_vector)
 .isr_vector    0x08000000      0x10c CMakeFiles/balance_car.elf.dir/Startup/startup_stm32f103c8tx.s.obj
                0x08000000                g_pfnVectors
                0x0800010c                        . = ALIGN (0x4)

.text           0x08000110     0xd790
                0x08000110                        . = ALIGN (0x4)
 *(.text)
 .text          0x08000110      0x378 E:/C/stm32/configuration/arm-gnu-toolchain-13.3.rel1-mingw-w64-i686-arm-none-eabi/bin/../lib/gcc/arm-none-eabi/13.3.1/thumb/v7-m/nofp\libgcc.a(_arm_addsubdf3.o)
                0x08000110                __aeabi_drsub
                0x08000118                __aeabi_dsub
                0x08000118                __subdf3
                0x0800011c                __aeabi_dadd
                0x0800011c                __adddf3
                0x08000394                __floatunsidf
                0x08000394                __aeabi_ui2d
                0x080003b4                __floatsidf
                0x080003b4                __aeabi_i2d
                0x080003d8                __aeabi_f2d
                0x080003d8                __extendsfdf2
                0x0800041c                __floatundidf
                0x0800041c                __aeabi_ul2d
                0x0800042c                __floatdidf
                0x0800042c                __aeabi_l2d
 .text          0x08000488      0x424 E:/C/stm32/configuration/arm-gnu-toolchain-13.3.rel1-mingw-w64-i686-arm-none-eabi/bin/../lib/gcc/arm-none-eabi/13.3.1/thumb/v7-m/nofp\libgcc.a(_arm_muldivdf3.o)
                0x08000488                __aeabi_dmul
                0x08000488                __muldf3
                0x080006dc                __divdf3
                0x080006dc                __aeabi_ddiv
 .text          0x080008ac       0xa0 E:/C/stm32/configuration/arm-gnu-toolchain-13.3.rel1-mingw-w64-i686-arm-none-eabi/bin/../lib/gcc/arm-none-eabi/13.3.1/thumb/v7-m/nofp\libgcc.a(_arm_truncdfsf2.o)
                0x080008ac                __truncdfsf2
                0x080008ac                __aeabi_d2f
 .text          0x0800094c      0x21c E:/C/stm32/configuration/arm-gnu-toolchain-13.3.rel1-mingw-w64-i686-arm-none-eabi/bin/../lib/gcc/arm-none-eabi/13.3.1/thumb/v7-m/nofp\libgcc.a(_arm_addsubsf3.o)
                0x0800094c                __aeabi_frsub
                0x08000954                __subsf3
                0x08000954                __aeabi_fsub
                0x08000958                __aeabi_fadd
                0x08000958                __addsf3
                0x08000ab8                __aeabi_ui2f
                0x08000ab8                __floatunsisf
                0x08000ac0                __aeabi_i2f
                0x08000ac0                __floatsisf
                0x08000adc                __aeabi_ul2f
                0x08000adc                __floatundisf
                0x08000aec                __aeabi_l2f
                0x08000aec                __floatdisf
 .text          0x08000b68      0x2a0 E:/C/stm32/configuration/arm-gnu-toolchain-13.3.rel1-mingw-w64-i686-arm-none-eabi/bin/../lib/gcc/arm-none-eabi/13.3.1/thumb/v7-m/nofp\libgcc.a(_arm_muldivsf3.o)
                0x08000b68                __mulsf3
                0x08000b68                __aeabi_fmul
                0x08000cd0                __aeabi_fdiv
                0x08000cd0                __divsf3
 .text          0x08000e08       0xec E:/C/stm32/configuration/arm-gnu-toolchain-13.3.rel1-mingw-w64-i686-arm-none-eabi/bin/../lib/gcc/arm-none-eabi/13.3.1/thumb/v7-m/nofp\libgcc.a(_arm_cmpsf2.o)
                0x08000e08                __gesf2
                0x08000e08                __gtsf2
                0x08000e10                __lesf2
                0x08000e10                __ltsf2
                0x08000e18                __nesf2
                0x08000e18                __eqsf2
                0x08000e18                __cmpsf2
                0x08000e78                __aeabi_cfrcmple
                0x08000e80                __aeabi_cfcmpeq
                0x08000e80                __aeabi_cfcmple
                0x08000e90                __aeabi_fcmpeq
                0x08000ea4                __aeabi_fcmplt
                0x08000eb8                __aeabi_fcmple
                0x08000ecc                __aeabi_fcmpge
                0x08000ee0                __aeabi_fcmpgt
 .text          0x08000ef4       0x4c E:/C/stm32/configuration/arm-gnu-toolchain-13.3.rel1-mingw-w64-i686-arm-none-eabi/bin/../lib/gcc/arm-none-eabi/13.3.1/thumb/v7-m/nofp\libgcc.a(_arm_fixsfsi.o)
                0x08000ef4                __aeabi_f2iz
                0x08000ef4                __fixsfsi
 .text          0x08000f40       0x40 E:/C/stm32/configuration/arm-gnu-toolchain-13.3.rel1-mingw-w64-i686-arm-none-eabi/bin/../lib/gcc/arm-none-eabi/13.3.1/thumb/v7-m/nofp\libgcc.a(_arm_fixunssfsi.o)
                0x08000f40                __fixunssfsi
                0x08000f40                __aeabi_f2uiz
 .text          0x08000f80       0xec E:/C/stm32/configuration/arm-gnu-toolchain-13.3.rel1-mingw-w64-i686-arm-none-eabi/bin/../lib/gcc/arm-none-eabi/13.3.1/thumb/v7-m/nofp\libg.a(libc_a-memcpy.o)
                0x08000f80                memcpy
 .text          0x0800106c      0x110 E:/C/stm32/configuration/arm-gnu-toolchain-13.3.rel1-mingw-w64-i686-arm-none-eabi/bin/../lib/gcc/arm-none-eabi/13.3.1/thumb/v7-m/nofp\libgcc.a(_arm_cmpdf2.o)
                0x0800106c                __gtdf2
                0x0800106c                __gedf2
                0x08001074                __ltdf2
                0x08001074                __ledf2
                0x0800107c                __nedf2
                0x0800107c                __eqdf2
                0x0800107c                __cmpdf2
                0x080010f8                __aeabi_cdrcmple
                0x08001108                __aeabi_cdcmpeq
                0x08001108                __aeabi_cdcmple
                0x08001118                __aeabi_dcmpeq
                0x0800112c                __aeabi_dcmplt
                0x08001140                __aeabi_dcmple
                0x08001154                __aeabi_dcmpge
                0x08001168                __aeabi_dcmpgt
 .text          0x0800117c       0x2c E:/C/stm32/configuration/arm-gnu-toolchain-13.3.rel1-mingw-w64-i686-arm-none-eabi/bin/../lib/gcc/arm-none-eabi/13.3.1/thumb/v7-m/nofp\libgcc.a(_arm_unorddf2.o)
                0x0800117c                __unorddf2
                0x0800117c                __aeabi_dcmpun
 .text          0x080011a8       0x50 E:/C/stm32/configuration/arm-gnu-toolchain-13.3.rel1-mingw-w64-i686-arm-none-eabi/bin/../lib/gcc/arm-none-eabi/13.3.1/thumb/v7-m/nofp\libgcc.a(_arm_fixdfsi.o)
                0x080011a8                __aeabi_d2iz
                0x080011a8                __fixdfsi
 *(.text*)
 .text.deregister_tm_clones
                0x080011f8       0x1c E:/C/stm32/configuration/arm-gnu-toolchain-13.3.rel1-mingw-w64-i686-arm-none-eabi/bin/../lib/gcc/arm-none-eabi/13.3.1/thumb/v7-m/nofp/crtbegin.o
 .text.register_tm_clones
                0x08001214       0x24 E:/C/stm32/configuration/arm-gnu-toolchain-13.3.rel1-mingw-w64-i686-arm-none-eabi/bin/../lib/gcc/arm-none-eabi/13.3.1/thumb/v7-m/nofp/crtbegin.o
 .text.__do_global_dtors_aux
                0x08001238       0x28 E:/C/stm32/configuration/arm-gnu-toolchain-13.3.rel1-mingw-w64-i686-arm-none-eabi/bin/../lib/gcc/arm-none-eabi/13.3.1/thumb/v7-m/nofp/crtbegin.o
 .text.frame_dummy
                0x08001260       0x24 E:/C/stm32/configuration/arm-gnu-toolchain-13.3.rel1-mingw-w64-i686-arm-none-eabi/bin/../lib/gcc/arm-none-eabi/13.3.1/thumb/v7-m/nofp/crtbegin.o
 .text.HAL_InitTick
                0x08001284       0x4c CMakeFiles/balance_car.elf.dir/Drivers/STM32F1xx_HAL_Driver/Src/stm32f1xx_hal.c.obj
                0x08001284                HAL_InitTick
 .text.HAL_Init
                0x080012d0       0x24 CMakeFiles/balance_car.elf.dir/Drivers/STM32F1xx_HAL_Driver/Src/stm32f1xx_hal.c.obj
                0x080012d0                HAL_Init
 .text.HAL_IncTick
                0x080012f4       0x18 CMakeFiles/balance_car.elf.dir/Drivers/STM32F1xx_HAL_Driver/Src/stm32f1xx_hal.c.obj
                0x080012f4                HAL_IncTick
 .text.HAL_GetTick
                0x0800130c        0xc CMakeFiles/balance_car.elf.dir/Drivers/STM32F1xx_HAL_Driver/Src/stm32f1xx_hal.c.obj
                0x0800130c                HAL_GetTick
 .text.HAL_Delay
                0x08001318       0x28 CMakeFiles/balance_car.elf.dir/Drivers/STM32F1xx_HAL_Driver/Src/stm32f1xx_hal.c.obj
                0x08001318                HAL_Delay
 .text.__NVIC_SetPriority
                0x08001340       0x28 CMakeFiles/balance_car.elf.dir/Drivers/STM32F1xx_HAL_Driver/Src/stm32f1xx_hal_cortex.c.obj
 .text.NVIC_EncodePriority
                0x08001368       0x3e CMakeFiles/balance_car.elf.dir/Drivers/STM32F1xx_HAL_Driver/Src/stm32f1xx_hal_cortex.c.obj
 *fill*         0x080013a6        0x2 
 .text.HAL_NVIC_SetPriorityGrouping
                0x080013a8       0x24 CMakeFiles/balance_car.elf.dir/Drivers/STM32F1xx_HAL_Driver/Src/stm32f1xx_hal_cortex.c.obj
                0x080013a8                HAL_NVIC_SetPriorityGrouping
 .text.HAL_NVIC_SetPriority
                0x080013cc       0x20 CMakeFiles/balance_car.elf.dir/Drivers/STM32F1xx_HAL_Driver/Src/stm32f1xx_hal_cortex.c.obj
                0x080013cc                HAL_NVIC_SetPriority
 .text.HAL_NVIC_EnableIRQ
                0x080013ec       0x1c CMakeFiles/balance_car.elf.dir/Drivers/STM32F1xx_HAL_Driver/Src/stm32f1xx_hal_cortex.c.obj
                0x080013ec                HAL_NVIC_EnableIRQ
 .text.HAL_SYSTICK_Config
                0x08001408       0x28 CMakeFiles/balance_car.elf.dir/Drivers/STM32F1xx_HAL_Driver/Src/stm32f1xx_hal_cortex.c.obj
                0x08001408                HAL_SYSTICK_Config
 .text.HAL_DMA_Abort
                0x08001430       0x46 CMakeFiles/balance_car.elf.dir/Drivers/STM32F1xx_HAL_Driver/Src/stm32f1xx_hal_dma.c.obj
                0x08001430                HAL_DMA_Abort
 *fill*         0x08001476        0x2 
 .text.HAL_DMA_Abort_IT
                0x08001478       0x98 CMakeFiles/balance_car.elf.dir/Drivers/STM32F1xx_HAL_Driver/Src/stm32f1xx_hal_dma.c.obj
                0x08001478                HAL_DMA_Abort_IT
 .text.HAL_GPIO_Init
                0x08001510      0x21c CMakeFiles/balance_car.elf.dir/Drivers/STM32F1xx_HAL_Driver/Src/stm32f1xx_hal_gpio.c.obj
                0x08001510                HAL_GPIO_Init
 .text.HAL_GPIO_WritePin
                0x0800172c        0xc CMakeFiles/balance_car.elf.dir/Drivers/STM32F1xx_HAL_Driver/Src/stm32f1xx_hal_gpio.c.obj
                0x0800172c                HAL_GPIO_WritePin
 .text.I2C_IsAcknowledgeFailed
                0x08001738       0x32 CMakeFiles/balance_car.elf.dir/Drivers/STM32F1xx_HAL_Driver/Src/stm32f1xx_hal_i2c.c.obj
 .text.I2C_WaitOnFlagUntilTimeout
                0x0800176a       0xaa CMakeFiles/balance_car.elf.dir/Drivers/STM32F1xx_HAL_Driver/Src/stm32f1xx_hal_i2c.c.obj
 .text.I2C_WaitOnMasterAddressFlagUntilTimeout
                0x08001814       0xd6 CMakeFiles/balance_car.elf.dir/Drivers/STM32F1xx_HAL_Driver/Src/stm32f1xx_hal_i2c.c.obj
 .text.I2C_WaitOnTXEFlagUntilTimeout
                0x080018ea       0x5e CMakeFiles/balance_car.elf.dir/Drivers/STM32F1xx_HAL_Driver/Src/stm32f1xx_hal_i2c.c.obj
 .text.I2C_RequestMemoryWrite
                0x08001948       0xd8 CMakeFiles/balance_car.elf.dir/Drivers/STM32F1xx_HAL_Driver/Src/stm32f1xx_hal_i2c.c.obj
 .text.I2C_RequestMemoryRead
                0x08001a20      0x154 CMakeFiles/balance_car.elf.dir/Drivers/STM32F1xx_HAL_Driver/Src/stm32f1xx_hal_i2c.c.obj
 .text.I2C_WaitOnBTFFlagUntilTimeout
                0x08001b74       0x5e CMakeFiles/balance_car.elf.dir/Drivers/STM32F1xx_HAL_Driver/Src/stm32f1xx_hal_i2c.c.obj
 .text.I2C_WaitOnRXNEFlagUntilTimeout
                0x08001bd2       0x78 CMakeFiles/balance_car.elf.dir/Drivers/STM32F1xx_HAL_Driver/Src/stm32f1xx_hal_i2c.c.obj
 *fill*         0x08001c4a        0x2 
 .text.HAL_I2C_Init
                0x08001c4c      0x1bc CMakeFiles/balance_car.elf.dir/Drivers/STM32F1xx_HAL_Driver/Src/stm32f1xx_hal_i2c.c.obj
                0x08001c4c                HAL_I2C_Init
 .text.HAL_I2C_Mem_Write
                0x08001e08      0x164 CMakeFiles/balance_car.elf.dir/Drivers/STM32F1xx_HAL_Driver/Src/stm32f1xx_hal_i2c.c.obj
                0x08001e08                HAL_I2C_Mem_Write
 .text.HAL_I2C_Mem_Read
                0x08001f6c      0x35c CMakeFiles/balance_car.elf.dir/Drivers/STM32F1xx_HAL_Driver/Src/stm32f1xx_hal_i2c.c.obj
                0x08001f6c                HAL_I2C_Mem_Read
 .text.RCC_Delay
                0x080022c8       0x2c CMakeFiles/balance_car.elf.dir/Drivers/STM32F1xx_HAL_Driver/Src/stm32f1xx_hal_rcc.c.obj
 .text.HAL_RCC_OscConfig
                0x080022f4      0x410 CMakeFiles/balance_car.elf.dir/Drivers/STM32F1xx_HAL_Driver/Src/stm32f1xx_hal_rcc.c.obj
                0x080022f4                HAL_RCC_OscConfig
 .text.HAL_RCC_GetSysClockFreq
                0x08002704       0x54 CMakeFiles/balance_car.elf.dir/Drivers/STM32F1xx_HAL_Driver/Src/stm32f1xx_hal_rcc.c.obj
                0x08002704                HAL_RCC_GetSysClockFreq
 .text.HAL_RCC_ClockConfig
                0x08002758      0x16c CMakeFiles/balance_car.elf.dir/Drivers/STM32F1xx_HAL_Driver/Src/stm32f1xx_hal_rcc.c.obj
                0x08002758                HAL_RCC_ClockConfig
 .text.HAL_RCC_GetHCLKFreq
                0x080028c4        0xc CMakeFiles/balance_car.elf.dir/Drivers/STM32F1xx_HAL_Driver/Src/stm32f1xx_hal_rcc.c.obj
                0x080028c4                HAL_RCC_GetHCLKFreq
 .text.HAL_RCC_GetPCLK1Freq
                0x080028d0       0x20 CMakeFiles/balance_car.elf.dir/Drivers/STM32F1xx_HAL_Driver/Src/stm32f1xx_hal_rcc.c.obj
                0x080028d0                HAL_RCC_GetPCLK1Freq
 .text.HAL_RCC_GetPCLK2Freq
                0x080028f0       0x20 CMakeFiles/balance_car.elf.dir/Drivers/STM32F1xx_HAL_Driver/Src/stm32f1xx_hal_rcc.c.obj
                0x080028f0                HAL_RCC_GetPCLK2Freq
 .text.TIM_OC1_SetConfig
                0x08002910       0x54 CMakeFiles/balance_car.elf.dir/Drivers/STM32F1xx_HAL_Driver/Src/stm32f1xx_hal_tim.c.obj
 .text.TIM_OC3_SetConfig
                0x08002964       0x5c CMakeFiles/balance_car.elf.dir/Drivers/STM32F1xx_HAL_Driver/Src/stm32f1xx_hal_tim.c.obj
 .text.TIM_OC4_SetConfig
                0x080029c0       0x48 CMakeFiles/balance_car.elf.dir/Drivers/STM32F1xx_HAL_Driver/Src/stm32f1xx_hal_tim.c.obj
 .text.TIM_TI1_ConfigInputStage
                0x08002a08       0x24 CMakeFiles/balance_car.elf.dir/Drivers/STM32F1xx_HAL_Driver/Src/stm32f1xx_hal_tim.c.obj
 .text.TIM_TI2_ConfigInputStage
                0x08002a2c       0x26 CMakeFiles/balance_car.elf.dir/Drivers/STM32F1xx_HAL_Driver/Src/stm32f1xx_hal_tim.c.obj
 .text.TIM_ITRx_SetConfig
                0x08002a52       0x10 CMakeFiles/balance_car.elf.dir/Drivers/STM32F1xx_HAL_Driver/Src/stm32f1xx_hal_tim.c.obj
 *fill*         0x08002a62        0x2 
 .text.HAL_TIM_Base_Start_IT
                0x08002a64       0x68 CMakeFiles/balance_car.elf.dir/Drivers/STM32F1xx_HAL_Driver/Src/stm32f1xx_hal_tim.c.obj
                0x08002a64                HAL_TIM_Base_Start_IT
 .text.HAL_TIM_PWM_MspInit
                0x08002acc        0x2 CMakeFiles/balance_car.elf.dir/Drivers/STM32F1xx_HAL_Driver/Src/stm32f1xx_hal_tim.c.obj
                0x08002acc                HAL_TIM_PWM_MspInit
 .text.HAL_TIM_OC_DelayElapsedCallback
                0x08002ace        0x2 CMakeFiles/balance_car.elf.dir/Drivers/STM32F1xx_HAL_Driver/Src/stm32f1xx_hal_tim.c.obj
                0x08002ace                HAL_TIM_OC_DelayElapsedCallback
 .text.HAL_TIM_IC_CaptureCallback
                0x08002ad0        0x2 CMakeFiles/balance_car.elf.dir/Drivers/STM32F1xx_HAL_Driver/Src/stm32f1xx_hal_tim.c.obj
                0x08002ad0                HAL_TIM_IC_CaptureCallback
 .text.HAL_TIM_PWM_PulseFinishedCallback
                0x08002ad2        0x2 CMakeFiles/balance_car.elf.dir/Drivers/STM32F1xx_HAL_Driver/Src/stm32f1xx_hal_tim.c.obj
                0x08002ad2                HAL_TIM_PWM_PulseFinishedCallback
 .text.HAL_TIM_TriggerCallback
                0x08002ad4        0x2 CMakeFiles/balance_car.elf.dir/Drivers/STM32F1xx_HAL_Driver/Src/stm32f1xx_hal_tim.c.obj
                0x08002ad4                HAL_TIM_TriggerCallback
 .text.HAL_TIM_IRQHandler
                0x08002ad6      0x15e CMakeFiles/balance_car.elf.dir/Drivers/STM32F1xx_HAL_Driver/Src/stm32f1xx_hal_tim.c.obj
                0x08002ad6                HAL_TIM_IRQHandler
 .text.TIM_Base_SetConfig
                0x08002c34       0x84 CMakeFiles/balance_car.elf.dir/Drivers/STM32F1xx_HAL_Driver/Src/stm32f1xx_hal_tim.c.obj
                0x08002c34                TIM_Base_SetConfig
 .text.HAL_TIM_Base_Init
                0x08002cb8       0x58 CMakeFiles/balance_car.elf.dir/Drivers/STM32F1xx_HAL_Driver/Src/stm32f1xx_hal_tim.c.obj
                0x08002cb8                HAL_TIM_Base_Init
 .text.HAL_TIM_PWM_Init
                0x08002d10       0x58 CMakeFiles/balance_car.elf.dir/Drivers/STM32F1xx_HAL_Driver/Src/stm32f1xx_hal_tim.c.obj
                0x08002d10                HAL_TIM_PWM_Init
 .text.HAL_TIM_Encoder_Init
                0x08002d68       0xb6 CMakeFiles/balance_car.elf.dir/Drivers/STM32F1xx_HAL_Driver/Src/stm32f1xx_hal_tim.c.obj
                0x08002d68                HAL_TIM_Encoder_Init
 *fill*         0x08002e1e        0x2 
 .text.TIM_OC2_SetConfig
                0x08002e20       0x5c CMakeFiles/balance_car.elf.dir/Drivers/STM32F1xx_HAL_Driver/Src/stm32f1xx_hal_tim.c.obj
                0x08002e20                TIM_OC2_SetConfig
 .text.HAL_TIM_PWM_ConfigChannel
                0x08002e7c       0xdc CMakeFiles/balance_car.elf.dir/Drivers/STM32F1xx_HAL_Driver/Src/stm32f1xx_hal_tim.c.obj
                0x08002e7c                HAL_TIM_PWM_ConfigChannel
 .text.TIM_ETR_SetConfig
                0x08002f58       0x18 CMakeFiles/balance_car.elf.dir/Drivers/STM32F1xx_HAL_Driver/Src/stm32f1xx_hal_tim.c.obj
                0x08002f58                TIM_ETR_SetConfig
 .text.HAL_TIM_ConfigClockSource
                0x08002f70       0xfe CMakeFiles/balance_car.elf.dir/Drivers/STM32F1xx_HAL_Driver/Src/stm32f1xx_hal_tim.c.obj
                0x08002f70                HAL_TIM_ConfigClockSource
 .text.TIM_CCxChannelCmd
                0x0800306e       0x1e CMakeFiles/balance_car.elf.dir/Drivers/STM32F1xx_HAL_Driver/Src/stm32f1xx_hal_tim.c.obj
                0x0800306e                TIM_CCxChannelCmd
 .text.HAL_TIM_PWM_Start
                0x0800308c       0xdc CMakeFiles/balance_car.elf.dir/Drivers/STM32F1xx_HAL_Driver/Src/stm32f1xx_hal_tim.c.obj
                0x0800308c                HAL_TIM_PWM_Start
 .text.HAL_TIM_Encoder_Start
                0x08003168       0xcc CMakeFiles/balance_car.elf.dir/Drivers/STM32F1xx_HAL_Driver/Src/stm32f1xx_hal_tim.c.obj
                0x08003168                HAL_TIM_Encoder_Start
 .text.HAL_TIMEx_MasterConfigSynchronization
                0x08003234       0x6c CMakeFiles/balance_car.elf.dir/Drivers/STM32F1xx_HAL_Driver/Src/stm32f1xx_hal_tim_ex.c.obj
                0x08003234                HAL_TIMEx_MasterConfigSynchronization
 .text.HAL_TIMEx_ConfigBreakDeadTime
                0x080032a0       0x52 CMakeFiles/balance_car.elf.dir/Drivers/STM32F1xx_HAL_Driver/Src/stm32f1xx_hal_tim_ex.c.obj
                0x080032a0                HAL_TIMEx_ConfigBreakDeadTime
 .text.HAL_TIMEx_CommutCallback
                0x080032f2        0x2 CMakeFiles/balance_car.elf.dir/Drivers/STM32F1xx_HAL_Driver/Src/stm32f1xx_hal_tim_ex.c.obj
                0x080032f2                HAL_TIMEx_CommutCallback
 .text.HAL_TIMEx_BreakCallback
                0x080032f4        0x2 CMakeFiles/balance_car.elf.dir/Drivers/STM32F1xx_HAL_Driver/Src/stm32f1xx_hal_tim_ex.c.obj
                0x080032f4                HAL_TIMEx_BreakCallback
 .text.UART_EndRxTransfer
                0x080032f6       0x5c CMakeFiles/balance_car.elf.dir/Drivers/STM32F1xx_HAL_Driver/Src/stm32f1xx_hal_uart.c.obj
 .text.UART_Transmit_IT
                0x08003352       0x60 CMakeFiles/balance_car.elf.dir/Drivers/STM32F1xx_HAL_Driver/Src/stm32f1xx_hal_uart.c.obj
 *fill*         0x080033b2        0x2 
 .text.UART_SetConfig
                0x080033b4       0x94 CMakeFiles/balance_car.elf.dir/Drivers/STM32F1xx_HAL_Driver/Src/stm32f1xx_hal_uart.c.obj
 .text.UART_WaitOnFlagUntilTimeout
                0x08003448       0x86 CMakeFiles/balance_car.elf.dir/Drivers/STM32F1xx_HAL_Driver/Src/stm32f1xx_hal_uart.c.obj
 .text.HAL_UART_Init
                0x080034ce       0x60 CMakeFiles/balance_car.elf.dir/Drivers/STM32F1xx_HAL_Driver/Src/stm32f1xx_hal_uart.c.obj
                0x080034ce                HAL_UART_Init
 .text.HAL_UART_Transmit
                0x0800352e       0xcc CMakeFiles/balance_car.elf.dir/Drivers/STM32F1xx_HAL_Driver/Src/stm32f1xx_hal_uart.c.obj
                0x0800352e                HAL_UART_Transmit
 .text.HAL_UART_Receive
                0x080035fa       0xd2 CMakeFiles/balance_car.elf.dir/Drivers/STM32F1xx_HAL_Driver/Src/stm32f1xx_hal_uart.c.obj
                0x080035fa                HAL_UART_Receive
 .text.HAL_UART_TxCpltCallback
                0x080036cc        0x2 CMakeFiles/balance_car.elf.dir/Drivers/STM32F1xx_HAL_Driver/Src/stm32f1xx_hal_uart.c.obj
                0x080036cc                HAL_UART_TxCpltCallback
 .text.UART_EndTransmit_IT
                0x080036ce       0x1a CMakeFiles/balance_car.elf.dir/Drivers/STM32F1xx_HAL_Driver/Src/stm32f1xx_hal_uart.c.obj
 .text.HAL_UART_ErrorCallback
                0x080036e8        0x2 CMakeFiles/balance_car.elf.dir/Drivers/STM32F1xx_HAL_Driver/Src/stm32f1xx_hal_uart.c.obj
                0x080036e8                HAL_UART_ErrorCallback
 .text.UART_DMAAbortOnError
                0x080036ea       0x10 CMakeFiles/balance_car.elf.dir/Drivers/STM32F1xx_HAL_Driver/Src/stm32f1xx_hal_uart.c.obj
 .text.HAL_UARTEx_RxEventCallback
                0x080036fa        0x2 CMakeFiles/balance_car.elf.dir/Drivers/STM32F1xx_HAL_Driver/Src/stm32f1xx_hal_uart.c.obj
                0x080036fa                HAL_UARTEx_RxEventCallback
 .text.UART_Receive_IT
                0x080036fc       0xe6 CMakeFiles/balance_car.elf.dir/Drivers/STM32F1xx_HAL_Driver/Src/stm32f1xx_hal_uart.c.obj
 *fill*         0x080037e2        0x2 
 .text.HAL_UART_IRQHandler
                0x080037e4      0x284 CMakeFiles/balance_car.elf.dir/Drivers/STM32F1xx_HAL_Driver/Src/stm32f1xx_hal_uart.c.obj
                0x080037e4                HAL_UART_IRQHandler
 .text.UART_Start_Receive_IT
                0x08003a68       0x36 CMakeFiles/balance_car.elf.dir/Drivers/STM32F1xx_HAL_Driver/Src/stm32f1xx_hal_uart.c.obj
                0x08003a68                UART_Start_Receive_IT
 .text.HAL_UART_Receive_IT
                0x08003a9e       0x26 CMakeFiles/balance_car.elf.dir/Drivers/STM32F1xx_HAL_Driver/Src/stm32f1xx_hal_uart.c.obj
                0x08003a9e                HAL_UART_Receive_IT
 .text.Set_pulse1
                0x08003ac4       0x68 CMakeFiles/balance_car.elf.dir/Src/control.c.obj
                0x08003ac4                Set_pulse1
 .text.Set_pulse2
                0x08003b2c       0x68 CMakeFiles/balance_car.elf.dir/Src/control.c.obj
                0x08003b2c                Set_pulse2
 .text.stand    0x08003b94       0x10 CMakeFiles/balance_car.elf.dir/Src/control.c.obj
                0x08003b94                stand
 .text.mean_fliter
                0x08003ba4       0x2e CMakeFiles/balance_car.elf.dir/Src/fliter.c.obj
                0x08003ba4                mean_fliter
 *fill*         0x08003bd2        0x2 
 .text.MX_GPIO_Init
                0x08003bd4       0xc4 CMakeFiles/balance_car.elf.dir/Src/gpio.c.obj
                0x08003bd4                MX_GPIO_Init
 .text.MX_I2C1_Init
                0x08003c98       0x3c CMakeFiles/balance_car.elf.dir/Src/i2c.c.obj
                0x08003c98                MX_I2C1_Init
 .text.HAL_I2C_MspInit
                0x08003cd4       0x74 CMakeFiles/balance_car.elf.dir/Src/i2c.c.obj
                0x08003cd4                HAL_I2C_MspInit
 .text.set_int_enable
                0x08003d48       0x98 CMakeFiles/balance_car.elf.dir/Src/inv_mpu.c.obj
 .text.mpu_reset_fifo
                0x08003de0      0x1f8 CMakeFiles/balance_car.elf.dir/Src/inv_mpu.c.obj
                0x08003de0                mpu_reset_fifo
 .text.mpu_set_gyro_fsr
                0x08003fd8       0x98 CMakeFiles/balance_car.elf.dir/Src/inv_mpu.c.obj
                0x08003fd8                mpu_set_gyro_fsr
 .text.mpu_get_accel_fsr
                0x08004070       0x44 CMakeFiles/balance_car.elf.dir/Src/inv_mpu.c.obj
                0x08004070                mpu_get_accel_fsr
 .text.mpu_set_accel_fsr
                0x080040b4       0x94 CMakeFiles/balance_car.elf.dir/Src/inv_mpu.c.obj
                0x080040b4                mpu_set_accel_fsr
 .text.mpu_set_lpf
                0x08004148       0x94 CMakeFiles/balance_car.elf.dir/Src/inv_mpu.c.obj
                0x08004148                mpu_set_lpf
 .text.mpu_configure_fifo
                0x080041dc       0x64 CMakeFiles/balance_car.elf.dir/Src/inv_mpu.c.obj
                0x080041dc                mpu_configure_fifo
 .text.mpu_read_fifo_stream
                0x08004240       0xc0 CMakeFiles/balance_car.elf.dir/Src/inv_mpu.c.obj
                0x08004240                mpu_read_fifo_stream
 .text.mpu_set_bypass
                0x08004300      0x168 CMakeFiles/balance_car.elf.dir/Src/inv_mpu.c.obj
                0x08004300                mpu_set_bypass
 .text.mpu_set_int_latched
                0x08004468       0x74 CMakeFiles/balance_car.elf.dir/Src/inv_mpu.c.obj
                0x08004468                mpu_set_int_latched
 .text.mpu_lp_accel_mode
                0x080044dc       0xdc CMakeFiles/balance_car.elf.dir/Src/inv_mpu.c.obj
                0x080044dc                mpu_lp_accel_mode
 .text.mpu_set_sample_rate
                0x080045b8       0xa0 CMakeFiles/balance_car.elf.dir/Src/inv_mpu.c.obj
                0x080045b8                mpu_set_sample_rate
 .text.mpu_set_sensors
                0x08004658       0xe4 CMakeFiles/balance_car.elf.dir/Src/inv_mpu.c.obj
                0x08004658                mpu_set_sensors
 .text.mpu_init
                0x0800473c      0x1b8 CMakeFiles/balance_car.elf.dir/Src/inv_mpu.c.obj
                0x0800473c                mpu_init
 .text.mpu_write_mem
                0x080048f4       0x74 CMakeFiles/balance_car.elf.dir/Src/inv_mpu.c.obj
                0x080048f4                mpu_write_mem
 .text.mpu_read_mem
                0x08004968       0x74 CMakeFiles/balance_car.elf.dir/Src/inv_mpu.c.obj
                0x08004968                mpu_read_mem
 .text.mpu_load_firmware
                0x080049dc       0xb4 CMakeFiles/balance_car.elf.dir/Src/inv_mpu.c.obj
                0x080049dc                mpu_load_firmware
 .text.mpu_set_dmp_state
                0x08004a90       0x94 CMakeFiles/balance_car.elf.dir/Src/inv_mpu.c.obj
                0x08004a90                mpu_set_dmp_state
 .text.inv_row_2_scale
                0x08004b24       0x3a CMakeFiles/balance_car.elf.dir/Src/inv_mpu.c.obj
                0x08004b24                inv_row_2_scale
 .text.inv_orientation_matrix_to_scalar
                0x08004b5e       0x24 CMakeFiles/balance_car.elf.dir/Src/inv_mpu.c.obj
                0x08004b5e                inv_orientation_matrix_to_scalar
 .text.mget_ms  0x08004b82        0x2 CMakeFiles/balance_car.elf.dir/Src/inv_mpu.c.obj
                0x08004b82                mget_ms
 .text.mpu_dmp_init
                0x08004b84       0x94 CMakeFiles/balance_car.elf.dir/Src/inv_mpu.c.obj
                0x08004b84                mpu_dmp_init
 .text.mpu_dmp_get_data
                0x08004c18      0x1c8 CMakeFiles/balance_car.elf.dir/Src/inv_mpu.c.obj
                0x08004c18                mpu_dmp_get_data
 .text.decode_gesture
                0x08004de0       0x3c CMakeFiles/balance_car.elf.dir/Src/inv_mpu_dmp_motion_driver.c.obj
 .text.dmp_load_motion_driver_firmware
                0x08004e1c       0x18 CMakeFiles/balance_car.elf.dir/Src/inv_mpu_dmp_motion_driver.c.obj
                0x08004e1c                dmp_load_motion_driver_firmware
 .text.dmp_set_orientation
                0x08004e34      0x14c CMakeFiles/balance_car.elf.dir/Src/inv_mpu_dmp_motion_driver.c.obj
                0x08004e34                dmp_set_orientation
 .text.dmp_set_fifo_rate
                0x08004f80       0x68 CMakeFiles/balance_car.elf.dir/Src/inv_mpu_dmp_motion_driver.c.obj
                0x08004f80                dmp_set_fifo_rate
 .text.dmp_set_tap_thresh
                0x08004fe8      0x1a0 CMakeFiles/balance_car.elf.dir/Src/inv_mpu_dmp_motion_driver.c.obj
                0x08004fe8                dmp_set_tap_thresh
 .text.dmp_set_tap_axes
                0x08005188       0x4e CMakeFiles/balance_car.elf.dir/Src/inv_mpu_dmp_motion_driver.c.obj
                0x08005188                dmp_set_tap_axes
 .text.dmp_set_tap_count
                0x080051d6       0x2c CMakeFiles/balance_car.elf.dir/Src/inv_mpu_dmp_motion_driver.c.obj
                0x080051d6                dmp_set_tap_count
 *fill*         0x08005202        0x2 
 .text.dmp_set_tap_time
                0x08005204       0x30 CMakeFiles/balance_car.elf.dir/Src/inv_mpu_dmp_motion_driver.c.obj
                0x08005204                dmp_set_tap_time
 .text.dmp_set_tap_time_multi
                0x08005234       0x30 CMakeFiles/balance_car.elf.dir/Src/inv_mpu_dmp_motion_driver.c.obj
                0x08005234                dmp_set_tap_time_multi
 .text.dmp_set_shake_reject_thresh
                0x08005264       0x44 CMakeFiles/balance_car.elf.dir/Src/inv_mpu_dmp_motion_driver.c.obj
                0x08005264                dmp_set_shake_reject_thresh
 .text.dmp_set_shake_reject_time
                0x080052a8       0x2c CMakeFiles/balance_car.elf.dir/Src/inv_mpu_dmp_motion_driver.c.obj
                0x080052a8                dmp_set_shake_reject_time
 .text.dmp_set_shake_reject_timeout
                0x080052d4       0x2c CMakeFiles/balance_car.elf.dir/Src/inv_mpu_dmp_motion_driver.c.obj
                0x080052d4                dmp_set_shake_reject_timeout
 .text.dmp_enable_gyro_cal
                0x08005300       0x44 CMakeFiles/balance_car.elf.dir/Src/inv_mpu_dmp_motion_driver.c.obj
                0x08005300                dmp_enable_gyro_cal
 .text.dmp_enable_lp_quat
                0x08005344       0x3c CMakeFiles/balance_car.elf.dir/Src/inv_mpu_dmp_motion_driver.c.obj
                0x08005344                dmp_enable_lp_quat
 .text.dmp_enable_6x_lp_quat
                0x08005380       0x3c CMakeFiles/balance_car.elf.dir/Src/inv_mpu_dmp_motion_driver.c.obj
                0x08005380                dmp_enable_6x_lp_quat
 .text.dmp_enable_feature
                0x080053bc      0x218 CMakeFiles/balance_car.elf.dir/Src/inv_mpu_dmp_motion_driver.c.obj
                0x080053bc                dmp_enable_feature
 .text.dmp_read_fifo
                0x080055d4      0x1ec CMakeFiles/balance_car.elf.dir/Src/inv_mpu_dmp_motion_driver.c.obj
                0x080055d4                dmp_read_fifo
 .text.HAL_TIM_PeriodElapsedCallback
                0x080057c0      0x1a4 CMakeFiles/balance_car.elf.dir/Src/main.c.obj
                0x080057c0                HAL_TIM_PeriodElapsedCallback
 .text.Get_Data
                0x08005964      0x35c CMakeFiles/balance_car.elf.dir/Src/main.c.obj
                0x08005964                Get_Data
 .text.USART_PID_Adjust
                0x08005cc0      0x148 CMakeFiles/balance_car.elf.dir/Src/main.c.obj
                0x08005cc0                USART_PID_Adjust
 .text.HAL_UART_RxCpltCallback
                0x08005e08       0x80 CMakeFiles/balance_car.elf.dir/Src/main.c.obj
                0x08005e08                HAL_UART_RxCpltCallback
 .text.Error_Handler
                0x08005e88        0x4 CMakeFiles/balance_car.elf.dir/Src/main.c.obj
                0x08005e88                Error_Handler
 .text.SystemClock_Config
                0x08005e8c       0x64 CMakeFiles/balance_car.elf.dir/Src/main.c.obj
                0x08005e8c                SystemClock_Config
 .text.main     0x08005ef0       0xec CMakeFiles/balance_car.elf.dir/Src/main.c.obj
                0x08005ef0                main
 .text.MPU_Write_Len
                0x08005fdc       0x24 CMakeFiles/balance_car.elf.dir/Src/mpu6050.c.obj
                0x08005fdc                MPU_Write_Len
 .text.MPU_Read_Len
                0x08006000       0x24 CMakeFiles/balance_car.elf.dir/Src/mpu6050.c.obj
                0x08006000                MPU_Read_Len
 .text.MPU_Write_Byte
                0x08006024       0x2c CMakeFiles/balance_car.elf.dir/Src/mpu6050.c.obj
                0x08006024                MPU_Write_Byte
 .text.MPU_Set_Gyro_Fsr
                0x08006050       0x10 CMakeFiles/balance_car.elf.dir/Src/mpu6050.c.obj
                0x08006050                MPU_Set_Gyro_Fsr
 .text.MPU_Set_Accel_Fsr
                0x08006060       0x10 CMakeFiles/balance_car.elf.dir/Src/mpu6050.c.obj
                0x08006060                MPU_Set_Accel_Fsr
 .text.MPU_Set_LPF
                0x08006070       0x34 CMakeFiles/balance_car.elf.dir/Src/mpu6050.c.obj
                0x08006070                MPU_Set_LPF
 .text.MPU_Set_Rate
                0x080060a4       0x32 CMakeFiles/balance_car.elf.dir/Src/mpu6050.c.obj
                0x080060a4                MPU_Set_Rate
 *fill*         0x080060d6        0x2 
 .text.MPU_Read_Byte
                0x080060d8       0x2c CMakeFiles/balance_car.elf.dir/Src/mpu6050.c.obj
                0x080060d8                MPU_Read_Byte
 .text.MPU_Init
                0x08006104       0x72 CMakeFiles/balance_car.elf.dir/Src/mpu6050.c.obj
                0x08006104                MPU_Init
 .text.PID_Init
                0x08006176       0x14 CMakeFiles/balance_car.elf.dir/Src/pid.c.obj
                0x08006176                PID_Init
 .text.PID_Clamp
                0x0800618a       0x26 CMakeFiles/balance_car.elf.dir/Src/pid.c.obj
                0x0800618a                PID_Clamp
 .text.PID_Update
                0x080061b0       0x6c CMakeFiles/balance_car.elf.dir/Src/pid.c.obj
                0x080061b0                PID_Update
 *fill*         0x0800621c        0x4 
 .text.PID_Balance_Calc
                0x08006220       0x70 CMakeFiles/balance_car.elf.dir/Src/pid.c.obj
                0x08006220                PID_Balance_Calc
 .text.RetargetInit
                0x08006290       0x20 CMakeFiles/balance_car.elf.dir/Src/retarget.c.obj
                0x08006290                RetargetInit
 .text._isatty  0x080062b0       0x16 CMakeFiles/balance_car.elf.dir/Src/retarget.c.obj
                0x080062b0                _isatty
 *fill*         0x080062c6        0x2 
 .text._write   0x080062c8       0x34 CMakeFiles/balance_car.elf.dir/Src/retarget.c.obj
                0x080062c8                _write
 .text._close   0x080062fc       0x18 CMakeFiles/balance_car.elf.dir/Src/retarget.c.obj
                0x080062fc                _close
 .text._lseek   0x08006314       0x10 CMakeFiles/balance_car.elf.dir/Src/retarget.c.obj
                0x08006314                _lseek
 .text._read    0x08006324       0x30 CMakeFiles/balance_car.elf.dir/Src/retarget.c.obj
                0x08006324                _read
 .text._fstat   0x08006354       0x1a CMakeFiles/balance_car.elf.dir/Src/retarget.c.obj
                0x08006354                _fstat
 *fill*         0x0800636e        0x2 
 .text.HAL_MspInit
                0x08006370       0x44 CMakeFiles/balance_car.elf.dir/Src/stm32f1xx_hal_msp.c.obj
                0x08006370                HAL_MspInit
 .text.NMI_Handler
                0x080063b4        0x2 CMakeFiles/balance_car.elf.dir/Src/stm32f1xx_it.c.obj
                0x080063b4                NMI_Handler
 .text.HardFault_Handler
                0x080063b6        0x2 CMakeFiles/balance_car.elf.dir/Src/stm32f1xx_it.c.obj
                0x080063b6                HardFault_Handler
 .text.MemManage_Handler
                0x080063b8        0x2 CMakeFiles/balance_car.elf.dir/Src/stm32f1xx_it.c.obj
                0x080063b8                MemManage_Handler
 .text.BusFault_Handler
                0x080063ba        0x2 CMakeFiles/balance_car.elf.dir/Src/stm32f1xx_it.c.obj
                0x080063ba                BusFault_Handler
 .text.UsageFault_Handler
                0x080063bc        0x2 CMakeFiles/balance_car.elf.dir/Src/stm32f1xx_it.c.obj
                0x080063bc                UsageFault_Handler
 .text.SVC_Handler
                0x080063be        0x2 CMakeFiles/balance_car.elf.dir/Src/stm32f1xx_it.c.obj
                0x080063be                SVC_Handler
 .text.DebugMon_Handler
                0x080063c0        0x2 CMakeFiles/balance_car.elf.dir/Src/stm32f1xx_it.c.obj
                0x080063c0                DebugMon_Handler
 .text.PendSV_Handler
                0x080063c2        0x2 CMakeFiles/balance_car.elf.dir/Src/stm32f1xx_it.c.obj
                0x080063c2                PendSV_Handler
 .text.SysTick_Handler
                0x080063c4        0x8 CMakeFiles/balance_car.elf.dir/Src/stm32f1xx_it.c.obj
                0x080063c4                SysTick_Handler
 .text.TIM1_UP_IRQHandler
                0x080063cc       0x10 CMakeFiles/balance_car.elf.dir/Src/stm32f1xx_it.c.obj
                0x080063cc                TIM1_UP_IRQHandler
 .text.TIM4_IRQHandler
                0x080063dc       0x10 CMakeFiles/balance_car.elf.dir/Src/stm32f1xx_it.c.obj
                0x080063dc                TIM4_IRQHandler
 .text.USART3_IRQHandler
                0x080063ec       0x10 CMakeFiles/balance_car.elf.dir/Src/stm32f1xx_it.c.obj
                0x080063ec                USART3_IRQHandler
 .text._getpid  0x080063fc        0x4 CMakeFiles/balance_car.elf.dir/Src/syscalls.c.obj
                0x080063fc                _getpid
 .text._kill    0x08006400       0x10 CMakeFiles/balance_car.elf.dir/Src/syscalls.c.obj
                0x08006400                _kill
 .text._exit    0x08006410        0xc CMakeFiles/balance_car.elf.dir/Src/syscalls.c.obj
                0x08006410                _exit
 .text._sbrk    0x0800641c       0x48 CMakeFiles/balance_car.elf.dir/Src/sysmem.c.obj
                0x0800641c                _sbrk
 .text.SystemInit
                0x08006464        0x2 CMakeFiles/balance_car.elf.dir/Src/system_stm32f1xx.c.obj
                0x08006464                SystemInit
 *fill*         0x08006466        0x2 
 .text.MX_TIM2_Init
                0x08006468       0x64 CMakeFiles/balance_car.elf.dir/Src/tim.c.obj
                0x08006468                MX_TIM2_Init
 .text.MX_TIM3_Init
                0x080064cc       0x64 CMakeFiles/balance_car.elf.dir/Src/tim.c.obj
                0x080064cc                MX_TIM3_Init
 .text.MX_TIM4_Init
                0x08006530       0x70 CMakeFiles/balance_car.elf.dir/Src/tim.c.obj
                0x08006530                MX_TIM4_Init
 .text.HAL_TIM_Base_MspInit
                0x080065a0       0x70 CMakeFiles/balance_car.elf.dir/Src/tim.c.obj
                0x080065a0                HAL_TIM_Base_MspInit
 .text.HAL_TIM_Encoder_MspInit
                0x08006610       0x98 CMakeFiles/balance_car.elf.dir/Src/tim.c.obj
                0x08006610                HAL_TIM_Encoder_MspInit
 .text.HAL_TIM_MspPostInit
                0x080066a8       0x50 CMakeFiles/balance_car.elf.dir/Src/tim.c.obj
                0x080066a8                HAL_TIM_MspPostInit
 .text.MX_TIM1_Init
                0x080066f8       0xfc CMakeFiles/balance_car.elf.dir/Src/tim.c.obj
                0x080066f8                MX_TIM1_Init
 .text.MX_USART3_UART_Init
                0x080067f4       0x34 CMakeFiles/balance_car.elf.dir/Src/usart.c.obj
                0x080067f4                MX_USART3_UART_Init
 .text.HAL_UART_MspInit
                0x08006828       0x88 CMakeFiles/balance_car.elf.dir/Src/usart.c.obj
                0x08006828                HAL_UART_MspInit
 .text.Reset_Handler
                0x080068b0       0x48 CMakeFiles/balance_car.elf.dir/Startup/startup_stm32f103c8tx.s.obj
                0x080068b0                Reset_Handler
 .text.Default_Handler
                0x080068f8        0x2 CMakeFiles/balance_car.elf.dir/Startup/startup_stm32f103c8tx.s.obj
                0x080068f8                RTC_Alarm_IRQHandler
                0x080068f8                EXTI2_IRQHandler
                0x080068f8                TIM1_CC_IRQHandler
                0x080068f8                PVD_IRQHandler
                0x080068f8                EXTI3_IRQHandler
                0x080068f8                EXTI0_IRQHandler
                0x080068f8                I2C2_EV_IRQHandler
                0x080068f8                ADC1_2_IRQHandler
                0x080068f8                SPI1_IRQHandler
                0x080068f8                TAMPER_IRQHandler
                0x080068f8                DMA1_Channel4_IRQHandler
                0x080068f8                RTC_IRQHandler
                0x080068f8                DMA1_Channel7_IRQHandler
                0x080068f8                CAN1_RX1_IRQHandler
                0x080068f8                I2C1_EV_IRQHandler
                0x080068f8                DMA1_Channel6_IRQHandler
                0x080068f8                TIM3_IRQHandler
                0x080068f8                RCC_IRQHandler
                0x080068f8                TIM1_TRG_COM_IRQHandler
                0x080068f8                DMA1_Channel1_IRQHandler
                0x080068f8                Default_Handler
                0x080068f8                EXTI15_10_IRQHandler
                0x080068f8                EXTI9_5_IRQHandler
                0x080068f8                SPI2_IRQHandler
                0x080068f8                DMA1_Channel5_IRQHandler
                0x080068f8                EXTI4_IRQHandler
                0x080068f8                USB_LP_CAN1_RX0_IRQHandler
                0x080068f8                USB_HP_CAN1_TX_IRQHandler
                0x080068f8                DMA1_Channel3_IRQHandler
                0x080068f8                WWDG_IRQHandler
                0x080068f8                TIM2_IRQHandler
                0x080068f8                TIM1_BRK_IRQHandler
                0x080068f8                EXTI1_IRQHandler
                0x080068f8                USART2_IRQHandler
                0x080068f8                I2C2_ER_IRQHandler
                0x080068f8                DMA1_Channel2_IRQHandler
                0x080068f8                CAN1_SCE_IRQHandler
                0x080068f8                FLASH_IRQHandler
                0x080068f8                USART1_IRQHandler
                0x080068f8                I2C1_ER_IRQHandler
                0x080068f8                USBWakeUp_IRQHandler
 *fill*         0x080068fa        0x2 
 .text.stdio_exit_handler
                0x080068fc       0x18 E:/C/stm32/configuration/arm-gnu-toolchain-13.3.rel1-mingw-w64-i686-arm-none-eabi/bin/../lib/gcc/arm-none-eabi/13.3.1/thumb/v7-m/nofp\libg.a(libc_a-findfp.o)
 .text.cleanup_stdio
                0x08006914       0x40 E:/C/stm32/configuration/arm-gnu-toolchain-13.3.rel1-mingw-w64-i686-arm-none-eabi/bin/../lib/gcc/arm-none-eabi/13.3.1/thumb/v7-m/nofp\libg.a(libc_a-findfp.o)
 .text.global_stdio_init.part.0
                0x08006954       0xf0 E:/C/stm32/configuration/arm-gnu-toolchain-13.3.rel1-mingw-w64-i686-arm-none-eabi/bin/../lib/gcc/arm-none-eabi/13.3.1/thumb/v7-m/nofp\libg.a(libc_a-findfp.o)
 .text.__sinit  0x08006a44       0x3c E:/C/stm32/configuration/arm-gnu-toolchain-13.3.rel1-mingw-w64-i686-arm-none-eabi/bin/../lib/gcc/arm-none-eabi/13.3.1/thumb/v7-m/nofp\libg.a(libc_a-findfp.o)
                0x08006a44                __sinit
 .text.__sfp_lock_acquire
                0x08006a80        0xc E:/C/stm32/configuration/arm-gnu-toolchain-13.3.rel1-mingw-w64-i686-arm-none-eabi/bin/../lib/gcc/arm-none-eabi/13.3.1/thumb/v7-m/nofp\libg.a(libc_a-findfp.o)
                0x08006a80                __sfp_lock_acquire
 .text.__sfp_lock_release
                0x08006a8c        0xc E:/C/stm32/configuration/arm-gnu-toolchain-13.3.rel1-mingw-w64-i686-arm-none-eabi/bin/../lib/gcc/arm-none-eabi/13.3.1/thumb/v7-m/nofp\libg.a(libc_a-findfp.o)
                0x08006a8c                __sfp_lock_release
 .text._fwalk_sglue
                0x08006a98       0x44 E:/C/stm32/configuration/arm-gnu-toolchain-13.3.rel1-mingw-w64-i686-arm-none-eabi/bin/../lib/gcc/arm-none-eabi/13.3.1/thumb/v7-m/nofp\libg.a(libc_a-fwalk.o)
                0x08006a98                _fwalk_sglue
 .text.printf   0x08006adc       0x28 E:/C/stm32/configuration/arm-gnu-toolchain-13.3.rel1-mingw-w64-i686-arm-none-eabi/bin/../lib/gcc/arm-none-eabi/13.3.1/thumb/v7-m/nofp\libg.a(libc_a-printf.o)
                0x08006adc                printf
 .text._puts_r  0x08006b04       0xa4 E:/C/stm32/configuration/arm-gnu-toolchain-13.3.rel1-mingw-w64-i686-arm-none-eabi/bin/../lib/gcc/arm-none-eabi/13.3.1/thumb/v7-m/nofp\libg.a(libc_a-puts.o)
                0x08006b04                _puts_r
 .text.puts     0x08006ba8       0x10 E:/C/stm32/configuration/arm-gnu-toolchain-13.3.rel1-mingw-w64-i686-arm-none-eabi/bin/../lib/gcc/arm-none-eabi/13.3.1/thumb/v7-m/nofp\libg.a(libc_a-puts.o)
                0x08006ba8                puts
 .text.setvbuf  0x08006bb8      0x1a4 E:/C/stm32/configuration/arm-gnu-toolchain-13.3.rel1-mingw-w64-i686-arm-none-eabi/bin/../lib/gcc/arm-none-eabi/13.3.1/thumb/v7-m/nofp\libg.a(libc_a-setvbuf.o)
                0x08006bb8                setvbuf
 .text.__sread  0x08006d5c       0x24 E:/C/stm32/configuration/arm-gnu-toolchain-13.3.rel1-mingw-w64-i686-arm-none-eabi/bin/../lib/gcc/arm-none-eabi/13.3.1/thumb/v7-m/nofp\libg.a(libc_a-stdio.o)
                0x08006d5c                __sread
 .text.__swrite
                0x08006d80       0x40 E:/C/stm32/configuration/arm-gnu-toolchain-13.3.rel1-mingw-w64-i686-arm-none-eabi/bin/../lib/gcc/arm-none-eabi/13.3.1/thumb/v7-m/nofp\libg.a(libc_a-stdio.o)
                0x08006d80                __swrite
 .text.__sseek  0x08006dc0       0x24 E:/C/stm32/configuration/arm-gnu-toolchain-13.3.rel1-mingw-w64-i686-arm-none-eabi/bin/../lib/gcc/arm-none-eabi/13.3.1/thumb/v7-m/nofp\libg.a(libc_a-stdio.o)
                0x08006dc0                __sseek
 .text.__sclose
                0x08006de4        0x8 E:/C/stm32/configuration/arm-gnu-toolchain-13.3.rel1-mingw-w64-i686-arm-none-eabi/bin/../lib/gcc/arm-none-eabi/13.3.1/thumb/v7-m/nofp\libg.a(libc_a-stdio.o)
                0x08006de4                __sclose
 .text.memcmp   0x08006dec       0x5c E:/C/stm32/configuration/arm-gnu-toolchain-13.3.rel1-mingw-w64-i686-arm-none-eabi/bin/../lib/gcc/arm-none-eabi/13.3.1/thumb/v7-m/nofp\libg.a(libc_a-memcmp.o)
                0x08006dec                memcmp
 .text.memset   0x08006e48       0xa0 E:/C/stm32/configuration/arm-gnu-toolchain-13.3.rel1-mingw-w64-i686-arm-none-eabi/bin/../lib/gcc/arm-none-eabi/13.3.1/thumb/v7-m/nofp\libg.a(libc_a-memset.o)
                0x08006e48                memset
 .text._close_r
                0x08006ee8       0x24 E:/C/stm32/configuration/arm-gnu-toolchain-13.3.rel1-mingw-w64-i686-arm-none-eabi/bin/../lib/gcc/arm-none-eabi/13.3.1/thumb/v7-m/nofp\libg.a(libc_a-closer.o)
                0x08006ee8                _close_r
 .text._lseek_r
                0x08006f0c       0x2c E:/C/stm32/configuration/arm-gnu-toolchain-13.3.rel1-mingw-w64-i686-arm-none-eabi/bin/../lib/gcc/arm-none-eabi/13.3.1/thumb/v7-m/nofp\libg.a(libc_a-lseekr.o)
                0x08006f0c                _lseek_r
 .text._read_r  0x08006f38       0x2c E:/C/stm32/configuration/arm-gnu-toolchain-13.3.rel1-mingw-w64-i686-arm-none-eabi/bin/../lib/gcc/arm-none-eabi/13.3.1/thumb/v7-m/nofp\libg.a(libc_a-readr.o)
                0x08006f38                _read_r
 .text._write_r
                0x08006f64       0x2c E:/C/stm32/configuration/arm-gnu-toolchain-13.3.rel1-mingw-w64-i686-arm-none-eabi/bin/../lib/gcc/arm-none-eabi/13.3.1/thumb/v7-m/nofp\libg.a(libc_a-writer.o)
                0x08006f64                _write_r
 .text.__errno  0x08006f90        0xc E:/C/stm32/configuration/arm-gnu-toolchain-13.3.rel1-mingw-w64-i686-arm-none-eabi/bin/../lib/gcc/arm-none-eabi/13.3.1/thumb/v7-m/nofp\libg.a(libc_a-errno.o)
                0x08006f90                __errno
 .text.__libc_init_array
                0x08006f9c       0x50 E:/C/stm32/configuration/arm-gnu-toolchain-13.3.rel1-mingw-w64-i686-arm-none-eabi/bin/../lib/gcc/arm-none-eabi/13.3.1/thumb/v7-m/nofp\libg.a(libc_a-init.o)
                0x08006f9c                __libc_init_array
 .text.__retarget_lock_init_recursive
                0x08006fec        0x4 E:/C/stm32/configuration/arm-gnu-toolchain-13.3.rel1-mingw-w64-i686-arm-none-eabi/bin/../lib/gcc/arm-none-eabi/13.3.1/thumb/v7-m/nofp\libg.a(libc_a-lock.o)
                0x08006fec                __retarget_lock_init_recursive
 .text.__retarget_lock_close_recursive
                0x08006ff0        0x4 E:/C/stm32/configuration/arm-gnu-toolchain-13.3.rel1-mingw-w64-i686-arm-none-eabi/bin/../lib/gcc/arm-none-eabi/13.3.1/thumb/v7-m/nofp\libg.a(libc_a-lock.o)
                0x08006ff0                __retarget_lock_close_recursive
 .text.__retarget_lock_acquire_recursive
                0x08006ff4        0x4 E:/C/stm32/configuration/arm-gnu-toolchain-13.3.rel1-mingw-w64-i686-arm-none-eabi/bin/../lib/gcc/arm-none-eabi/13.3.1/thumb/v7-m/nofp\libg.a(libc_a-lock.o)
                0x08006ff4                __retarget_lock_acquire_recursive
 .text.__retarget_lock_release_recursive
                0x08006ff8        0x4 E:/C/stm32/configuration/arm-gnu-toolchain-13.3.rel1-mingw-w64-i686-arm-none-eabi/bin/../lib/gcc/arm-none-eabi/13.3.1/thumb/v7-m/nofp\libg.a(libc_a-lock.o)
                0x08006ff8                __retarget_lock_release_recursive
 .text.strlen   0x08006ffc       0x5c E:/C/stm32/configuration/arm-gnu-toolchain-13.3.rel1-mingw-w64-i686-arm-none-eabi/bin/../lib/gcc/arm-none-eabi/13.3.1/thumb/v7-m/nofp\libg.a(libc_a-strlen-stub.o)
                0x08006ffc                strlen
 .text.startup.register_fini
                0x08007058       0x14 E:/C/stm32/configuration/arm-gnu-toolchain-13.3.rel1-mingw-w64-i686-arm-none-eabi/bin/../lib/gcc/arm-none-eabi/13.3.1/thumb/v7-m/nofp\libg.a(libc_a-__call_atexit.o)
 .text.atexit   0x0800706c        0xc E:/C/stm32/configuration/arm-gnu-toolchain-13.3.rel1-mingw-w64-i686-arm-none-eabi/bin/../lib/gcc/arm-none-eabi/13.3.1/thumb/v7-m/nofp\libg.a(libc_a-atexit.o)
                0x0800706c                atexit
 .text._malloc_trim_r
                0x08007078       0xb8 E:/C/stm32/configuration/arm-gnu-toolchain-13.3.rel1-mingw-w64-i686-arm-none-eabi/bin/../lib/gcc/arm-none-eabi/13.3.1/thumb/v7-m/nofp\libg.a(libc_a-freer.o)
                0x08007078                _malloc_trim_r
 .text._free_r  0x08007130      0x1f8 E:/C/stm32/configuration/arm-gnu-toolchain-13.3.rel1-mingw-w64-i686-arm-none-eabi/bin/../lib/gcc/arm-none-eabi/13.3.1/thumb/v7-m/nofp\libg.a(libc_a-freer.o)
                0x08007130                _free_r
 .text.malloc   0x08007328       0x10 E:/C/stm32/configuration/arm-gnu-toolchain-13.3.rel1-mingw-w64-i686-arm-none-eabi/bin/../lib/gcc/arm-none-eabi/13.3.1/thumb/v7-m/nofp\libg.a(libc_a-malloc.o)
                0x08007328                malloc
 .text._malloc_r
                0x08007338      0x568 E:/C/stm32/configuration/arm-gnu-toolchain-13.3.rel1-mingw-w64-i686-arm-none-eabi/bin/../lib/gcc/arm-none-eabi/13.3.1/thumb/v7-m/nofp\libg.a(libc_a-mallocr.o)
                0x08007338                _malloc_r
 .text.__malloc_lock
                0x080078a0        0xc E:/C/stm32/configuration/arm-gnu-toolchain-13.3.rel1-mingw-w64-i686-arm-none-eabi/bin/../lib/gcc/arm-none-eabi/13.3.1/thumb/v7-m/nofp\libg.a(libc_a-mlock.o)
                0x080078a0                __malloc_lock
 .text.__malloc_unlock
                0x080078ac        0xc E:/C/stm32/configuration/arm-gnu-toolchain-13.3.rel1-mingw-w64-i686-arm-none-eabi/bin/../lib/gcc/arm-none-eabi/13.3.1/thumb/v7-m/nofp\libg.a(libc_a-mlock.o)
                0x080078ac                __malloc_unlock
 .text._vfprintf_r
                0x080078b8     0x1c04 E:/C/stm32/configuration/arm-gnu-toolchain-13.3.rel1-mingw-w64-i686-arm-none-eabi/bin/../lib/gcc/arm-none-eabi/13.3.1/thumb/v7-m/nofp\libg.a(libc_a-vfprintf.o)
                0x080078b8                _vfprintf_r
 .text.__sbprintf
                0x080094bc       0x80 E:/C/stm32/configuration/arm-gnu-toolchain-13.3.rel1-mingw-w64-i686-arm-none-eabi/bin/../lib/gcc/arm-none-eabi/13.3.1/thumb/v7-m/nofp\libg.a(libc_a-vfprintf.o)
 .text.__sprint_r
                0x0800953c       0x20 E:/C/stm32/configuration/arm-gnu-toolchain-13.3.rel1-mingw-w64-i686-arm-none-eabi/bin/../lib/gcc/arm-none-eabi/13.3.1/thumb/v7-m/nofp\libg.a(libc_a-sprint_r.o)
                0x0800953c                __sprint_r
 .text._fclose_r
                0x0800955c       0xc0 E:/C/stm32/configuration/arm-gnu-toolchain-13.3.rel1-mingw-w64-i686-arm-none-eabi/bin/../lib/gcc/arm-none-eabi/13.3.1/thumb/v7-m/nofp\libg.a(libc_a-fclose.o)
                0x0800955c                _fclose_r
 .text.__sflush_r
                0x0800961c      0x128 E:/C/stm32/configuration/arm-gnu-toolchain-13.3.rel1-mingw-w64-i686-arm-none-eabi/bin/../lib/gcc/arm-none-eabi/13.3.1/thumb/v7-m/nofp\libg.a(libc_a-fflush.o)
                0x0800961c                __sflush_r
 .text._fflush_r
                0x08009744       0x54 E:/C/stm32/configuration/arm-gnu-toolchain-13.3.rel1-mingw-w64-i686-arm-none-eabi/bin/../lib/gcc/arm-none-eabi/13.3.1/thumb/v7-m/nofp\libg.a(libc_a-fflush.o)
                0x08009744                _fflush_r
 .text.__sfvwrite_r
                0x08009798      0x2ec E:/C/stm32/configuration/arm-gnu-toolchain-13.3.rel1-mingw-w64-i686-arm-none-eabi/bin/../lib/gcc/arm-none-eabi/13.3.1/thumb/v7-m/nofp\libg.a(libc_a-fvwrite.o)
                0x08009798                __sfvwrite_r
 .text.__smakebuf_r
                0x08009a84       0xdc E:/C/stm32/configuration/arm-gnu-toolchain-13.3.rel1-mingw-w64-i686-arm-none-eabi/bin/../lib/gcc/arm-none-eabi/13.3.1/thumb/v7-m/nofp\libg.a(libc_a-makebuf.o)
                0x08009a84                __smakebuf_r
 .text.__swhatbuf_r
                0x08009b60       0x60 E:/C/stm32/configuration/arm-gnu-toolchain-13.3.rel1-mingw-w64-i686-arm-none-eabi/bin/../lib/gcc/arm-none-eabi/13.3.1/thumb/v7-m/nofp\libg.a(libc_a-makebuf.o)
                0x08009b60                __swhatbuf_r
 .text.__swsetup_r
                0x08009bc0       0xc4 E:/C/stm32/configuration/arm-gnu-toolchain-13.3.rel1-mingw-w64-i686-arm-none-eabi/bin/../lib/gcc/arm-none-eabi/13.3.1/thumb/v7-m/nofp\libg.a(libc_a-wsetup.o)
                0x08009bc0                __swsetup_r
 .text.memmove  0x08009c84       0xfc E:/C/stm32/configuration/arm-gnu-toolchain-13.3.rel1-mingw-w64-i686-arm-none-eabi/bin/../lib/gcc/arm-none-eabi/13.3.1/thumb/v7-m/nofp\libg.a(libc_a-memmove.o)
                0x08009c84                memmove
 .text.strncpy  0x08009d80       0x6c E:/C/stm32/configuration/arm-gnu-toolchain-13.3.rel1-mingw-w64-i686-arm-none-eabi/bin/../lib/gcc/arm-none-eabi/13.3.1/thumb/v7-m/nofp\libg.a(libc_a-strncpy.o)
                0x08009d80                strncpy
 .text.__locale_mb_cur_max
                0x08009dec        0xc E:/C/stm32/configuration/arm-gnu-toolchain-13.3.rel1-mingw-w64-i686-arm-none-eabi/bin/../lib/gcc/arm-none-eabi/13.3.1/thumb/v7-m/nofp\libg.a(libc_a-locale.o)
                0x08009dec                __locale_mb_cur_max
 .text._localeconv_r
                0x08009df8        0x8 E:/C/stm32/configuration/arm-gnu-toolchain-13.3.rel1-mingw-w64-i686-arm-none-eabi/bin/../lib/gcc/arm-none-eabi/13.3.1/thumb/v7-m/nofp\libg.a(libc_a-localeconv.o)
                0x08009df8                _localeconv_r
 .text._fstat_r
                0x08009e00       0x28 E:/C/stm32/configuration/arm-gnu-toolchain-13.3.rel1-mingw-w64-i686-arm-none-eabi/bin/../lib/gcc/arm-none-eabi/13.3.1/thumb/v7-m/nofp\libg.a(libc_a-fstatr.o)
                0x08009e00                _fstat_r
 .text._isatty_r
                0x08009e28       0x24 E:/C/stm32/configuration/arm-gnu-toolchain-13.3.rel1-mingw-w64-i686-arm-none-eabi/bin/../lib/gcc/arm-none-eabi/13.3.1/thumb/v7-m/nofp\libg.a(libc_a-isattyr.o)
                0x08009e28                _isatty_r
 .text._sbrk_r  0x08009e4c       0x24 E:/C/stm32/configuration/arm-gnu-toolchain-13.3.rel1-mingw-w64-i686-arm-none-eabi/bin/../lib/gcc/arm-none-eabi/13.3.1/thumb/v7-m/nofp\libg.a(libc_a-sbrkr.o)
                0x08009e4c                _sbrk_r
 .text.__libc_fini_array
                0x08009e70       0x28 E:/C/stm32/configuration/arm-gnu-toolchain-13.3.rel1-mingw-w64-i686-arm-none-eabi/bin/../lib/gcc/arm-none-eabi/13.3.1/thumb/v7-m/nofp\libg.a(libc_a-fini.o)
                0x08009e70                __libc_fini_array
 .text.sysconf  0x08009e98       0x1c E:/C/stm32/configuration/arm-gnu-toolchain-13.3.rel1-mingw-w64-i686-arm-none-eabi/bin/../lib/gcc/arm-none-eabi/13.3.1/thumb/v7-m/nofp\libg.a(libc_a-sysconf.o)
                0x08009e98                sysconf
 .text.memchr   0x08009eb4       0x98 E:/C/stm32/configuration/arm-gnu-toolchain-13.3.rel1-mingw-w64-i686-arm-none-eabi/bin/../lib/gcc/arm-none-eabi/13.3.1/thumb/v7-m/nofp\libg.a(libc_a-memchr-stub.o)
                0x08009eb4                memchr
 .text.frexp    0x08009f4c       0x6c E:/C/stm32/configuration/arm-gnu-toolchain-13.3.rel1-mingw-w64-i686-arm-none-eabi/bin/../lib/gcc/arm-none-eabi/13.3.1/thumb/v7-m/nofp\libg.a(libm_a-s_frexp.o)
                0x08009f4c                frexp
 .text.__register_exitproc
                0x08009fb8       0x80 E:/C/stm32/configuration/arm-gnu-toolchain-13.3.rel1-mingw-w64-i686-arm-none-eabi/bin/../lib/gcc/arm-none-eabi/13.3.1/thumb/v7-m/nofp\libg.a(libc_a-__atexit.o)
                0x08009fb8                __register_exitproc
 .text.quorem   0x0800a038      0x13c E:/C/stm32/configuration/arm-gnu-toolchain-13.3.rel1-mingw-w64-i686-arm-none-eabi/bin/../lib/gcc/arm-none-eabi/13.3.1/thumb/v7-m/nofp\libg.a(libc_a-dtoa.o)
 *fill*         0x0800a174        0x4 
 .text._dtoa_r  0x0800a178      0xe94 E:/C/stm32/configuration/arm-gnu-toolchain-13.3.rel1-mingw-w64-i686-arm-none-eabi/bin/../lib/gcc/arm-none-eabi/13.3.1/thumb/v7-m/nofp\libg.a(libc_a-dtoa.o)
                0x0800a178                _dtoa_r
 .text.__ascii_mbtowc
                0x0800b00c       0x2c E:/C/stm32/configuration/arm-gnu-toolchain-13.3.rel1-mingw-w64-i686-arm-none-eabi/bin/../lib/gcc/arm-none-eabi/13.3.1/thumb/v7-m/nofp\libg.a(libc_a-mbtowc_r.o)
                0x0800b00c                __ascii_mbtowc
 .text._Balloc  0x0800b038       0x4c E:/C/stm32/configuration/arm-gnu-toolchain-13.3.rel1-mingw-w64-i686-arm-none-eabi/bin/../lib/gcc/arm-none-eabi/13.3.1/thumb/v7-m/nofp\libg.a(libc_a-mprec.o)
                0x0800b038                _Balloc
 .text._Bfree   0x0800b084       0x14 E:/C/stm32/configuration/arm-gnu-toolchain-13.3.rel1-mingw-w64-i686-arm-none-eabi/bin/../lib/gcc/arm-none-eabi/13.3.1/thumb/v7-m/nofp\libg.a(libc_a-mprec.o)
                0x0800b084                _Bfree
 .text.__multadd
                0x0800b098       0xa4 E:/C/stm32/configuration/arm-gnu-toolchain-13.3.rel1-mingw-w64-i686-arm-none-eabi/bin/../lib/gcc/arm-none-eabi/13.3.1/thumb/v7-m/nofp\libg.a(libc_a-mprec.o)
                0x0800b098                __multadd
 .text.__hi0bits
                0x0800b13c       0x44 E:/C/stm32/configuration/arm-gnu-toolchain-13.3.rel1-mingw-w64-i686-arm-none-eabi/bin/../lib/gcc/arm-none-eabi/13.3.1/thumb/v7-m/nofp\libg.a(libc_a-mprec.o)
                0x0800b13c                __hi0bits
 .text.__lo0bits
                0x0800b180       0x5c E:/C/stm32/configuration/arm-gnu-toolchain-13.3.rel1-mingw-w64-i686-arm-none-eabi/bin/../lib/gcc/arm-none-eabi/13.3.1/thumb/v7-m/nofp\libg.a(libc_a-mprec.o)
                0x0800b180                __lo0bits
 .text.__i2b    0x0800b1dc       0x5c E:/C/stm32/configuration/arm-gnu-toolchain-13.3.rel1-mingw-w64-i686-arm-none-eabi/bin/../lib/gcc/arm-none-eabi/13.3.1/thumb/v7-m/nofp\libg.a(libc_a-mprec.o)
                0x0800b1dc                __i2b
 .text.__multiply
                0x0800b238      0x164 E:/C/stm32/configuration/arm-gnu-toolchain-13.3.rel1-mingw-w64-i686-arm-none-eabi/bin/../lib/gcc/arm-none-eabi/13.3.1/thumb/v7-m/nofp\libg.a(libc_a-mprec.o)
                0x0800b238                __multiply
 .text.__pow5mult
                0x0800b39c       0xb4 E:/C/stm32/configuration/arm-gnu-toolchain-13.3.rel1-mingw-w64-i686-arm-none-eabi/bin/../lib/gcc/arm-none-eabi/13.3.1/thumb/v7-m/nofp\libg.a(libc_a-mprec.o)
                0x0800b39c                __pow5mult
 .text.__lshift
                0x0800b450       0xec E:/C/stm32/configuration/arm-gnu-toolchain-13.3.rel1-mingw-w64-i686-arm-none-eabi/bin/../lib/gcc/arm-none-eabi/13.3.1/thumb/v7-m/nofp\libg.a(libc_a-mprec.o)
                0x0800b450                __lshift
 .text.__mcmp   0x0800b53c       0x40 E:/C/stm32/configuration/arm-gnu-toolchain-13.3.rel1-mingw-w64-i686-arm-none-eabi/bin/../lib/gcc/arm-none-eabi/13.3.1/thumb/v7-m/nofp\libg.a(libc_a-mprec.o)
                0x0800b53c                __mcmp
 .text.__mdiff  0x0800b57c      0x178 E:/C/stm32/configuration/arm-gnu-toolchain-13.3.rel1-mingw-w64-i686-arm-none-eabi/bin/../lib/gcc/arm-none-eabi/13.3.1/thumb/v7-m/nofp\libg.a(libc_a-mprec.o)
                0x0800b57c                __mdiff
 .text.__d2b    0x0800b6f4       0xbc E:/C/stm32/configuration/arm-gnu-toolchain-13.3.rel1-mingw-w64-i686-arm-none-eabi/bin/../lib/gcc/arm-none-eabi/13.3.1/thumb/v7-m/nofp\libg.a(libc_a-mprec.o)
                0x0800b6f4                __d2b
 .text._realloc_r
                0x0800b7b0      0x34c E:/C/stm32/configuration/arm-gnu-toolchain-13.3.rel1-mingw-w64-i686-arm-none-eabi/bin/../lib/gcc/arm-none-eabi/13.3.1/thumb/v7-m/nofp\libg.a(libc_a-reallocr.o)
                0x0800b7b0                _realloc_r
 .text.__ascii_wctomb
                0x0800bafc       0x1c E:/C/stm32/configuration/arm-gnu-toolchain-13.3.rel1-mingw-w64-i686-arm-none-eabi/bin/../lib/gcc/arm-none-eabi/13.3.1/thumb/v7-m/nofp\libg.a(libc_a-wctomb_r.o)
                0x0800bafc                __ascii_wctomb
 .text._wcrtomb_r
                0x0800bb18       0x4c E:/C/stm32/configuration/arm-gnu-toolchain-13.3.rel1-mingw-w64-i686-arm-none-eabi/bin/../lib/gcc/arm-none-eabi/13.3.1/thumb/v7-m/nofp\libg.a(libc_a-wcrtomb.o)
                0x0800bb18                _wcrtomb_r
 .text._wcsrtombs_r
                0x0800bb64       0x18 E:/C/stm32/configuration/arm-gnu-toolchain-13.3.rel1-mingw-w64-i686-arm-none-eabi/bin/../lib/gcc/arm-none-eabi/13.3.1/thumb/v7-m/nofp\libg.a(libc_a-wcsrtombs.o)
                0x0800bb64                _wcsrtombs_r
 .text.__assert_func
                0x0800bb7c       0x40 E:/C/stm32/configuration/arm-gnu-toolchain-13.3.rel1-mingw-w64-i686-arm-none-eabi/bin/../lib/gcc/arm-none-eabi/13.3.1/thumb/v7-m/nofp\libg.a(libc_a-assert.o)
                0x0800bb7c                __assert_func
 .text._calloc_r
                0x0800bbbc       0x6c E:/C/stm32/configuration/arm-gnu-toolchain-13.3.rel1-mingw-w64-i686-arm-none-eabi/bin/../lib/gcc/arm-none-eabi/13.3.1/thumb/v7-m/nofp\libg.a(libc_a-callocr.o)
                0x0800bbbc                _calloc_r
 .text._wcsnrtombs_l
                0x0800bc28       0xec E:/C/stm32/configuration/arm-gnu-toolchain-13.3.rel1-mingw-w64-i686-arm-none-eabi/bin/../lib/gcc/arm-none-eabi/13.3.1/thumb/v7-m/nofp\libg.a(libc_a-wcsnrtombs.o)
                0x0800bc28                _wcsnrtombs_l
 .text._wcsnrtombs_r
                0x0800bd14       0x24 E:/C/stm32/configuration/arm-gnu-toolchain-13.3.rel1-mingw-w64-i686-arm-none-eabi/bin/../lib/gcc/arm-none-eabi/13.3.1/thumb/v7-m/nofp\libg.a(libc_a-wcsnrtombs.o)
                0x0800bd14                _wcsnrtombs_r
 .text.fiprintf
                0x0800bd38       0x28 E:/C/stm32/configuration/arm-gnu-toolchain-13.3.rel1-mingw-w64-i686-arm-none-eabi/bin/../lib/gcc/arm-none-eabi/13.3.1/thumb/v7-m/nofp\libg.a(libc_a-fiprintf.o)
                0x0800bd38                fiprintf
 .text._vfiprintf_r
                0x0800bd60      0xeb8 E:/C/stm32/configuration/arm-gnu-toolchain-13.3.rel1-mingw-w64-i686-arm-none-eabi/bin/../lib/gcc/arm-none-eabi/13.3.1/thumb/v7-m/nofp\libg.a(libc_a-vfiprintf.o)
                0x0800bd60                _vfiprintf_r
 .text.__sbprintf
                0x0800cc18       0x80 E:/C/stm32/configuration/arm-gnu-toolchain-13.3.rel1-mingw-w64-i686-arm-none-eabi/bin/../lib/gcc/arm-none-eabi/13.3.1/thumb/v7-m/nofp\libg.a(libc_a-vfiprintf.o)
 .text.abort    0x0800cc98       0x10 E:/C/stm32/configuration/arm-gnu-toolchain-13.3.rel1-mingw-w64-i686-arm-none-eabi/bin/../lib/gcc/arm-none-eabi/13.3.1/thumb/v7-m/nofp\libg.a(libc_a-abort.o)
                0x0800cc98                abort
 .text.raise    0x0800cca8       0x58 E:/C/stm32/configuration/arm-gnu-toolchain-13.3.rel1-mingw-w64-i686-arm-none-eabi/bin/../lib/gcc/arm-none-eabi/13.3.1/thumb/v7-m/nofp\libg.a(libc_a-signal.o)
                0x0800cca8                raise
 .text._kill_r  0x0800cd00       0x28 E:/C/stm32/configuration/arm-gnu-toolchain-13.3.rel1-mingw-w64-i686-arm-none-eabi/bin/../lib/gcc/arm-none-eabi/13.3.1/thumb/v7-m/nofp\libg.a(libc_a-signalr.o)
                0x0800cd00                _kill_r
 .text._getpid_r
                0x0800cd28        0x4 E:/C/stm32/configuration/arm-gnu-toolchain-13.3.rel1-mingw-w64-i686-arm-none-eabi/bin/../lib/gcc/arm-none-eabi/13.3.1/thumb/v7-m/nofp\libg.a(libc_a-signalr.o)
                0x0800cd28                _getpid_r
 .text.asin     0x0800cd2c       0x50 E:/C/stm32/configuration/arm-gnu-toolchain-13.3.rel1-mingw-w64-i686-arm-none-eabi/bin/../lib/gcc/arm-none-eabi/13.3.1/thumb/v7-m/nofp\libm.a(libm_a-w_asin.o)
                0x0800cd2c                asin
 .text.atan2    0x0800cd7c        0x4 E:/C/stm32/configuration/arm-gnu-toolchain-13.3.rel1-mingw-w64-i686-arm-none-eabi/bin/../lib/gcc/arm-none-eabi/13.3.1/thumb/v7-m/nofp\libm.a(libm_a-w_atan2.o)
                0x0800cd7c                atan2
 .text.fabs     0x0800cd80        0x8 E:/C/stm32/configuration/arm-gnu-toolchain-13.3.rel1-mingw-w64-i686-arm-none-eabi/bin/../lib/gcc/arm-none-eabi/13.3.1/thumb/v7-m/nofp\libm.a(libm_a-s_fabs.o)
                0x0800cd80                fabs
 .text.nan      0x0800cd88        0xc E:/C/stm32/configuration/arm-gnu-toolchain-13.3.rel1-mingw-w64-i686-arm-none-eabi/bin/../lib/gcc/arm-none-eabi/13.3.1/thumb/v7-m/nofp\libm.a(libm_a-s_nan.o)
                0x0800cd88                nan
 *fill*         0x0800cd94        0x4 
 .text.__ieee754_asin
                0x0800cd98      0x44c E:/C/stm32/configuration/arm-gnu-toolchain-13.3.rel1-mingw-w64-i686-arm-none-eabi/bin/../lib/gcc/arm-none-eabi/13.3.1/thumb/v7-m/nofp\libm.a(libm_a-e_asin.o)
                0x0800cd98                __ieee754_asin
 *fill*         0x0800d1e4        0x4 
 .text.__ieee754_atan2
                0x0800d1e8      0x194 E:/C/stm32/configuration/arm-gnu-toolchain-13.3.rel1-mingw-w64-i686-arm-none-eabi/bin/../lib/gcc/arm-none-eabi/13.3.1/thumb/v7-m/nofp\libm.a(libm_a-e_atan2.o)
                0x0800d1e8                __ieee754_atan2
 *fill*         0x0800d37c        0x4 
 .text.atan     0x0800d380      0x330 E:/C/stm32/configuration/arm-gnu-toolchain-13.3.rel1-mingw-w64-i686-arm-none-eabi/bin/../lib/gcc/arm-none-eabi/13.3.1/thumb/v7-m/nofp\libm.a(libm_a-s_atan.o)
                0x0800d380                atan
 .text.__ieee754_sqrt
                0x0800d6b0      0x1d8 E:/C/stm32/configuration/arm-gnu-toolchain-13.3.rel1-mingw-w64-i686-arm-none-eabi/bin/../lib/gcc/arm-none-eabi/13.3.1/thumb/v7-m/nofp\libm.a(libm_a-e_sqrt.o)
                0x0800d6b0                __ieee754_sqrt
 *(.glue_7)
 .glue_7        0x0800d888        0x0 linker stubs
 *(.glue_7t)
 .glue_7t       0x0800d888        0x0 linker stubs
 *(.eh_frame)
 .eh_frame      0x0800d888        0x0 E:/C/stm32/configuration/arm-gnu-toolchain-13.3.rel1-mingw-w64-i686-arm-none-eabi/bin/../lib/gcc/arm-none-eabi/13.3.1/thumb/v7-m/nofp/crtbegin.o
 *(.init)
 .init          0x0800d888        0x4 E:/C/stm32/configuration/arm-gnu-toolchain-13.3.rel1-mingw-w64-i686-arm-none-eabi/bin/../lib/gcc/arm-none-eabi/13.3.1/thumb/v7-m/nofp/crti.o
                0x0800d888                _init
 .init          0x0800d88c        0x8 E:/C/stm32/configuration/arm-gnu-toolchain-13.3.rel1-mingw-w64-i686-arm-none-eabi/bin/../lib/gcc/arm-none-eabi/13.3.1/thumb/v7-m/nofp/crtn.o
 *(.fini)
 .fini          0x0800d894        0x4 E:/C/stm32/configuration/arm-gnu-toolchain-13.3.rel1-mingw-w64-i686-arm-none-eabi/bin/../lib/gcc/arm-none-eabi/13.3.1/thumb/v7-m/nofp/crti.o
                0x0800d894                _fini
 .fini          0x0800d898        0x8 E:/C/stm32/configuration/arm-gnu-toolchain-13.3.rel1-mingw-w64-i686-arm-none-eabi/bin/../lib/gcc/arm-none-eabi/13.3.1/thumb/v7-m/nofp/crtn.o
                0x0800d8a0                        . = ALIGN (0x4)
                0x0800d8a0                        _etext = .

.vfp11_veneer   0x0800d8a0        0x0
 .vfp11_veneer  0x0800d8a0        0x0 linker stubs

.v4_bx          0x0800d8a0        0x0
 .v4_bx         0x0800d8a0        0x0 linker stubs

.iplt           0x0800d8a0        0x0
 .iplt          0x0800d8a0        0x0 E:/C/stm32/configuration/arm-gnu-toolchain-13.3.rel1-mingw-w64-i686-arm-none-eabi/bin/../lib/gcc/arm-none-eabi/13.3.1/thumb/v7-m/nofp/crtbegin.o

.rodata         0x0800d8a0     0x11e0
                0x0800d8a0                        . = ALIGN (0x4)
 *(.rodata)
 *(.rodata*)
 .rodata.aPredivFactorTable.0
                0x0800d8a0        0x2 CMakeFiles/balance_car.elf.dir/Drivers/STM32F1xx_HAL_Driver/Src/stm32f1xx_hal_rcc.c.obj
 *fill*         0x0800d8a2        0x2 
 .rodata.aPLLMULFactorTable.1
                0x0800d8a4       0x10 CMakeFiles/balance_car.elf.dir/Drivers/STM32F1xx_HAL_Driver/Src/stm32f1xx_hal_rcc.c.obj
 .rodata.mpu_init.str1.4
                0x0800d8b4      0x2a3 CMakeFiles/balance_car.elf.dir/Src/inv_mpu.c.obj
                                 0x91 (size before relaxing)
 *fill*         0x0800db57        0x1 
 .rodata.test   0x0800db58       0x28 CMakeFiles/balance_car.elf.dir/Src/inv_mpu.c.obj
                0x0800db58                test
 .rodata.hw     0x0800db80        0xc CMakeFiles/balance_car.elf.dir/Src/inv_mpu.c.obj
                0x0800db80                hw
 .rodata.reg    0x0800db8c       0x1b CMakeFiles/balance_car.elf.dir/Src/inv_mpu.c.obj
                0x0800db8c                reg
 .rodata.dmp_set_orientation.str1.4
                0x0800dba7       0x10 CMakeFiles/balance_car.elf.dir/Src/inv_mpu_dmp_motion_driver.c.obj
 .rodata.dmp_set_fifo_rate.str1.4
                0x0800dba7        0xd CMakeFiles/balance_car.elf.dir/Src/inv_mpu_dmp_motion_driver.c.obj
 .rodata.dmp_enable_gyro_cal.str1.4
                0x0800dba7       0x16 CMakeFiles/balance_car.elf.dir/Src/inv_mpu_dmp_motion_driver.c.obj
 *fill*         0x0800dba7        0x1 
 .rodata.dmp_memory
                0x0800dba8      0xbf6 CMakeFiles/balance_car.elf.dir/Src/inv_mpu_dmp_motion_driver.c.obj
 .rodata.main.str1.4
                0x0800e79e       0x30 CMakeFiles/balance_car.elf.dir/Src/main.c.obj
 *fill*         0x0800e79e        0x2 
 .rodata.APBPrescTable
                0x0800e7a0        0x8 CMakeFiles/balance_car.elf.dir/Src/system_stm32f1xx.c.obj
                0x0800e7a0                APBPrescTable
 .rodata.AHBPrescTable
                0x0800e7a8       0x10 CMakeFiles/balance_car.elf.dir/Src/system_stm32f1xx.c.obj
                0x0800e7a8                AHBPrescTable
 .rodata._puts_r.str1.4
                0x0800e7b8        0x2 E:/C/stm32/configuration/arm-gnu-toolchain-13.3.rel1-mingw-w64-i686-arm-none-eabi/bin/../lib/gcc/arm-none-eabi/13.3.1/thumb/v7-m/nofp\libg.a(libc_a-puts.o)
 .rodata._vfprintf_r.str1.4
                0x0800e7b8       0x42 E:/C/stm32/configuration/arm-gnu-toolchain-13.3.rel1-mingw-w64-i686-arm-none-eabi/bin/../lib/gcc/arm-none-eabi/13.3.1/thumb/v7-m/nofp\libg.a(libc_a-vfprintf.o)
 .rodata.zeroes.0
                0x0800e7b8       0x10 E:/C/stm32/configuration/arm-gnu-toolchain-13.3.rel1-mingw-w64-i686-arm-none-eabi/bin/../lib/gcc/arm-none-eabi/13.3.1/thumb/v7-m/nofp\libg.a(libc_a-vfprintf.o)
 .rodata.blanks.1
                0x0800e7c8       0x10 E:/C/stm32/configuration/arm-gnu-toolchain-13.3.rel1-mingw-w64-i686-arm-none-eabi/bin/../lib/gcc/arm-none-eabi/13.3.1/thumb/v7-m/nofp\libg.a(libc_a-vfprintf.o)
 .rodata.str1.4
                0x0800e7d8       0x4c E:/C/stm32/configuration/arm-gnu-toolchain-13.3.rel1-mingw-w64-i686-arm-none-eabi/bin/../lib/gcc/arm-none-eabi/13.3.1/thumb/v7-m/nofp\libg.a(libc_a-locale.o)
 .rodata._dtoa_r.str1.4
                0x0800e7d8       0x81 E:/C/stm32/configuration/arm-gnu-toolchain-13.3.rel1-mingw-w64-i686-arm-none-eabi/bin/../lib/gcc/arm-none-eabi/13.3.1/thumb/v7-m/nofp\libg.a(libc_a-dtoa.o)
 .rodata.__multadd.str1.4
                0x0800e7d8       0x6e E:/C/stm32/configuration/arm-gnu-toolchain-13.3.rel1-mingw-w64-i686-arm-none-eabi/bin/../lib/gcc/arm-none-eabi/13.3.1/thumb/v7-m/nofp\libg.a(libc_a-mprec.o)
 .rodata.p05.0  0x0800e7d8        0xc E:/C/stm32/configuration/arm-gnu-toolchain-13.3.rel1-mingw-w64-i686-arm-none-eabi/bin/../lib/gcc/arm-none-eabi/13.3.1/thumb/v7-m/nofp\libg.a(libc_a-mprec.o)
 *fill*         0x0800e7e4        0x4 
 .rodata.__mprec_bigtens
                0x0800e7e8       0x28 E:/C/stm32/configuration/arm-gnu-toolchain-13.3.rel1-mingw-w64-i686-arm-none-eabi/bin/../lib/gcc/arm-none-eabi/13.3.1/thumb/v7-m/nofp\libg.a(libc_a-mprec.o)
                0x0800e7e8                __mprec_bigtens
 .rodata.__mprec_tens
                0x0800e810       0xc8 E:/C/stm32/configuration/arm-gnu-toolchain-13.3.rel1-mingw-w64-i686-arm-none-eabi/bin/../lib/gcc/arm-none-eabi/13.3.1/thumb/v7-m/nofp\libg.a(libc_a-mprec.o)
                0x0800e810                __mprec_tens
 .rodata._ctype_
                0x0800e8d8      0x101 E:/C/stm32/configuration/arm-gnu-toolchain-13.3.rel1-mingw-w64-i686-arm-none-eabi/bin/../lib/gcc/arm-none-eabi/13.3.1/thumb/v7-m/nofp\libg.a(libc_a-ctype_.o)
                0x0800e8d8                _ctype_
 .rodata.__assert_func.str1.4
                0x0800e9d9       0x43 E:/C/stm32/configuration/arm-gnu-toolchain-13.3.rel1-mingw-w64-i686-arm-none-eabi/bin/../lib/gcc/arm-none-eabi/13.3.1/thumb/v7-m/nofp\libg.a(libc_a-assert.o)
 .rodata._vfiprintf_r.str1.4
                0x0800e9d9       0x2f E:/C/stm32/configuration/arm-gnu-toolchain-13.3.rel1-mingw-w64-i686-arm-none-eabi/bin/../lib/gcc/arm-none-eabi/13.3.1/thumb/v7-m/nofp\libg.a(libc_a-vfiprintf.o)
 *fill*         0x0800e9d9        0x3 
 .rodata.zeroes.0
                0x0800e9dc       0x10 E:/C/stm32/configuration/arm-gnu-toolchain-13.3.rel1-mingw-w64-i686-arm-none-eabi/bin/../lib/gcc/arm-none-eabi/13.3.1/thumb/v7-m/nofp\libg.a(libc_a-vfiprintf.o)
 .rodata.blanks.1
                0x0800e9ec       0x10 E:/C/stm32/configuration/arm-gnu-toolchain-13.3.rel1-mingw-w64-i686-arm-none-eabi/bin/../lib/gcc/arm-none-eabi/13.3.1/thumb/v7-m/nofp\libg.a(libc_a-vfiprintf.o)
 .rodata.asin.str1.4
                0x0800e9fc        0x1 E:/C/stm32/configuration/arm-gnu-toolchain-13.3.rel1-mingw-w64-i686-arm-none-eabi/bin/../lib/gcc/arm-none-eabi/13.3.1/thumb/v7-m/nofp\libm.a(libm_a-w_asin.o)
 *fill*         0x0800e9fc        0x4 
 .rodata.CSWTCH.9
                0x0800ea00       0x18 E:/C/stm32/configuration/arm-gnu-toolchain-13.3.rel1-mingw-w64-i686-arm-none-eabi/bin/../lib/gcc/arm-none-eabi/13.3.1/thumb/v7-m/nofp\libm.a(libm_a-e_atan2.o)
 .rodata.CSWTCH.8
                0x0800ea18       0x18 E:/C/stm32/configuration/arm-gnu-toolchain-13.3.rel1-mingw-w64-i686-arm-none-eabi/bin/../lib/gcc/arm-none-eabi/13.3.1/thumb/v7-m/nofp\libm.a(libm_a-e_atan2.o)
 .rodata.atanlo
                0x0800ea30       0x20 E:/C/stm32/configuration/arm-gnu-toolchain-13.3.rel1-mingw-w64-i686-arm-none-eabi/bin/../lib/gcc/arm-none-eabi/13.3.1/thumb/v7-m/nofp\libm.a(libm_a-s_atan.o)
 .rodata.atanhi
                0x0800ea50       0x20 E:/C/stm32/configuration/arm-gnu-toolchain-13.3.rel1-mingw-w64-i686-arm-none-eabi/bin/../lib/gcc/arm-none-eabi/13.3.1/thumb/v7-m/nofp\libm.a(libm_a-s_atan.o)
 .rodata.tiny   0x0800ea70        0x8 E:/C/stm32/configuration/arm-gnu-toolchain-13.3.rel1-mingw-w64-i686-arm-none-eabi/bin/../lib/gcc/arm-none-eabi/13.3.1/thumb/v7-m/nofp\libm.a(libm_a-e_sqrt.o)
 .rodata.one    0x0800ea78        0x8 E:/C/stm32/configuration/arm-gnu-toolchain-13.3.rel1-mingw-w64-i686-arm-none-eabi/bin/../lib/gcc/arm-none-eabi/13.3.1/thumb/v7-m/nofp\libm.a(libm_a-e_sqrt.o)
                0x0800ea80                        . = ALIGN (0x4)

.ARM.extab      0x0800ea80        0x0
                0x0800ea80                        . = ALIGN (0x4)
 *(.ARM.extab* .gnu.linkonce.armextab.*)
                0x0800ea80                        . = ALIGN (0x4)

.ARM            0x0800ea80        0x8
                0x0800ea80                        . = ALIGN (0x4)
                0x0800ea80                        __exidx_start = .
 *(.ARM.exidx*)
 .ARM.exidx     0x0800ea80        0x8 E:/C/stm32/configuration/arm-gnu-toolchain-13.3.rel1-mingw-w64-i686-arm-none-eabi/bin/../lib/gcc/arm-none-eabi/13.3.1/thumb/v7-m/nofp\libg.a(libc_a-memcpy.o)
                0x0800ea88                        __exidx_end = .
                0x0800ea88                        . = ALIGN (0x4)

.preinit_array  0x0800ea88        0x0
                0x0800ea88                        . = ALIGN (0x4)
                0x0800ea88                        PROVIDE (__preinit_array_start = .)
 *(.preinit_array*)
                0x0800ea88                        PROVIDE (__preinit_array_end = .)
                0x0800ea88                        . = ALIGN (0x4)

.init_array     0x0800ea88        0x8
                0x0800ea88                        . = ALIGN (0x4)
                0x0800ea88                        PROVIDE (__init_array_start = .)
 *(SORT_BY_NAME(.init_array.*))
 .init_array.00000
                0x0800ea88        0x4 E:/C/stm32/configuration/arm-gnu-toolchain-13.3.rel1-mingw-w64-i686-arm-none-eabi/bin/../lib/gcc/arm-none-eabi/13.3.1/thumb/v7-m/nofp\libg.a(libc_a-__call_atexit.o)
 *(.init_array*)
 .init_array    0x0800ea8c        0x4 E:/C/stm32/configuration/arm-gnu-toolchain-13.3.rel1-mingw-w64-i686-arm-none-eabi/bin/../lib/gcc/arm-none-eabi/13.3.1/thumb/v7-m/nofp/crtbegin.o
                0x0800ea90                        PROVIDE (__init_array_end = .)
                0x0800ea90                        . = ALIGN (0x4)

.fini_array     0x0800ea90        0x4
                0x0800ea90                        . = ALIGN (0x4)
                0x0800ea90                        PROVIDE (__fini_array_start = .)
 *(SORT_BY_NAME(.fini_array.*))
 *(.fini_array*)
 .fini_array    0x0800ea90        0x4 E:/C/stm32/configuration/arm-gnu-toolchain-13.3.rel1-mingw-w64-i686-arm-none-eabi/bin/../lib/gcc/arm-none-eabi/13.3.1/thumb/v7-m/nofp/crtbegin.o
                0x0800ea94                        PROVIDE (__fini_array_end = .)
                0x0800ea94                        . = ALIGN (0x4)
                0x0800ea94                        _sidata = LOADADDR (.data)

.rel.dyn        0x0800ea94        0x0
 .rel.iplt      0x0800ea94        0x0 E:/C/stm32/configuration/arm-gnu-toolchain-13.3.rel1-mingw-w64-i686-arm-none-eabi/bin/../lib/gcc/arm-none-eabi/13.3.1/thumb/v7-m/nofp/crtbegin.o

.data           0x20000000      0x71c load address 0x0800ea94
                0x20000000                        . = ALIGN (0x4)
                0x20000000                        _sdata = .
 *(.data)
 *(.data*)
 .data.uwTickFreq
                0x20000000        0x1 CMakeFiles/balance_car.elf.dir/Drivers/STM32F1xx_HAL_Driver/Src/stm32f1xx_hal.c.obj
                0x20000000                uwTickFreq
 *fill*         0x20000001        0x3 
 .data.uwTickPrio
                0x20000004        0x4 CMakeFiles/balance_car.elf.dir/Drivers/STM32F1xx_HAL_Driver/Src/stm32f1xx_hal.c.obj
                0x20000004                uwTickPrio
 .data.gyro_orientation
                0x20000008        0x9 CMakeFiles/balance_car.elf.dir/Src/inv_mpu.c.obj
 *fill*         0x20000011        0x3 
 .data.st       0x20000014       0x2c CMakeFiles/balance_car.elf.dir/Src/inv_mpu.c.obj
 .data.SystemCoreClock
                0x20000040        0x4 CMakeFiles/balance_car.elf.dir/Src/system_stm32f1xx.c.obj
                0x20000040                SystemCoreClock
 .data.__sglue  0x20000044        0xc E:/C/stm32/configuration/arm-gnu-toolchain-13.3.rel1-mingw-w64-i686-arm-none-eabi/bin/../lib/gcc/arm-none-eabi/13.3.1/thumb/v7-m/nofp\libg.a(libc_a-findfp.o)
                0x20000044                __sglue
 .data._impure_ptr
                0x20000050        0x4 E:/C/stm32/configuration/arm-gnu-toolchain-13.3.rel1-mingw-w64-i686-arm-none-eabi/bin/../lib/gcc/arm-none-eabi/13.3.1/thumb/v7-m/nofp\libg.a(libc_a-impure.o)
                0x20000050                _impure_ptr
 *fill*         0x20000054        0x4 
 .data._impure_data
                0x20000058      0x140 E:/C/stm32/configuration/arm-gnu-toolchain-13.3.rel1-mingw-w64-i686-arm-none-eabi/bin/../lib/gcc/arm-none-eabi/13.3.1/thumb/v7-m/nofp\libg.a(libc_a-impure.o)
                0x20000058                _impure_data
 .data.__atexit_recursive_mutex
                0x20000198        0x4 E:/C/stm32/configuration/arm-gnu-toolchain-13.3.rel1-mingw-w64-i686-arm-none-eabi/bin/../lib/gcc/arm-none-eabi/13.3.1/thumb/v7-m/nofp\libg.a(libc_a-__call_atexit.o)
                0x20000198                __atexit_recursive_mutex
 .data.__malloc_sbrk_base
                0x2000019c        0x4 E:/C/stm32/configuration/arm-gnu-toolchain-13.3.rel1-mingw-w64-i686-arm-none-eabi/bin/../lib/gcc/arm-none-eabi/13.3.1/thumb/v7-m/nofp\libg.a(libc_a-mallocr.o)
                0x2000019c                __malloc_sbrk_base
 .data.__malloc_trim_threshold
                0x200001a0        0x4 E:/C/stm32/configuration/arm-gnu-toolchain-13.3.rel1-mingw-w64-i686-arm-none-eabi/bin/../lib/gcc/arm-none-eabi/13.3.1/thumb/v7-m/nofp\libg.a(libc_a-mallocr.o)
                0x200001a0                __malloc_trim_threshold
 *fill*         0x200001a4        0x4 
 .data.__malloc_av_
                0x200001a8      0x408 E:/C/stm32/configuration/arm-gnu-toolchain-13.3.rel1-mingw-w64-i686-arm-none-eabi/bin/../lib/gcc/arm-none-eabi/13.3.1/thumb/v7-m/nofp\libg.a(libc_a-mallocr.o)
                0x200001a8                __malloc_av_
 .data.__global_locale
                0x200005b0      0x16c E:/C/stm32/configuration/arm-gnu-toolchain-13.3.rel1-mingw-w64-i686-arm-none-eabi/bin/../lib/gcc/arm-none-eabi/13.3.1/thumb/v7-m/nofp\libg.a(libc_a-locale.o)
                0x200005b0                __global_locale
 *(.RamFunc)
 *(.RamFunc*)
                0x2000071c                        . = ALIGN (0x4)
                0x2000071c                        _edata = .

.tm_clone_table
                0x2000071c        0x0 load address 0x0800f1b0
 .tm_clone_table
                0x2000071c        0x0 E:/C/stm32/configuration/arm-gnu-toolchain-13.3.rel1-mingw-w64-i686-arm-none-eabi/bin/../lib/gcc/arm-none-eabi/13.3.1/thumb/v7-m/nofp/crtbegin.o
 .tm_clone_table
                0x2000071c        0x0 E:/C/stm32/configuration/arm-gnu-toolchain-13.3.rel1-mingw-w64-i686-arm-none-eabi/bin/../lib/gcc/arm-none-eabi/13.3.1/thumb/v7-m/nofp/crtend.o

.igot.plt       0x2000071c        0x0 load address 0x0800f1b0
 .igot.plt      0x2000071c        0x0 E:/C/stm32/configuration/arm-gnu-toolchain-13.3.rel1-mingw-w64-i686-arm-none-eabi/bin/../lib/gcc/arm-none-eabi/13.3.1/thumb/v7-m/nofp/crtbegin.o
                0x2000071c                        . = ALIGN (0x4)

.bss            0x2000071c      0xb10 load address 0x0800f1b0
                0x2000071c                        _sbss = .
                0x2000071c                        __bss_start__ = _sbss
 *(.bss)
 *(.bss*)
 .bss.completed.1
                0x2000071c        0x1 E:/C/stm32/configuration/arm-gnu-toolchain-13.3.rel1-mingw-w64-i686-arm-none-eabi/bin/../lib/gcc/arm-none-eabi/13.3.1/thumb/v7-m/nofp/crtbegin.o
 *fill*         0x2000071d        0x3 
 .bss.object.0  0x20000720       0x18 E:/C/stm32/configuration/arm-gnu-toolchain-13.3.rel1-mingw-w64-i686-arm-none-eabi/bin/../lib/gcc/arm-none-eabi/13.3.1/thumb/v7-m/nofp/crtbegin.o
 .bss.uwTick    0x20000738        0x4 CMakeFiles/balance_car.elf.dir/Drivers/STM32F1xx_HAL_Driver/Src/stm32f1xx_hal.c.obj
                0x20000738                uwTick
 .bss.motor2PID
                0x2000073c       0x1c CMakeFiles/balance_car.elf.dir/Src/control.c.obj
                0x2000073c                motor2PID
 .bss.motor1PID
                0x20000758       0x1c CMakeFiles/balance_car.elf.dir/Src/control.c.obj
                0x20000758                motor1PID
 .bss.hi2c1     0x20000774       0x54 CMakeFiles/balance_car.elf.dir/Src/i2c.c.obj
                0x20000774                hi2c1
 .bss.dmp       0x200007c8       0x10 CMakeFiles/balance_car.elf.dir/Src/inv_mpu_dmp_motion_driver.c.obj
 .bss.pidoutput3
                0x200007d8        0x4 CMakeFiles/balance_car.elf.dir/Src/main.c.obj
                0x200007d8                pidoutput3
 .bss.pidoutput2
                0x200007dc        0x4 CMakeFiles/balance_car.elf.dir/Src/main.c.obj
                0x200007dc                pidoutput2
 .bss.pidoutput1
                0x200007e0        0x4 CMakeFiles/balance_car.elf.dir/Src/main.c.obj
                0x200007e0                pidoutput1
 .bss.IMUPID    0x200007e4       0x1c CMakeFiles/balance_car.elf.dir/Src/main.c.obj
                0x200007e4                IMUPID
 .bss.yaw       0x20000800        0x4 CMakeFiles/balance_car.elf.dir/Src/main.c.obj
                0x20000800                yaw
 .bss.roll      0x20000804        0x4 CMakeFiles/balance_car.elf.dir/Src/main.c.obj
                0x20000804                roll
 .bss.pitch     0x20000808        0x4 CMakeFiles/balance_car.elf.dir/Src/main.c.obj
                0x20000808                pitch
 .bss.buff_index2
                0x2000080c        0x4 CMakeFiles/balance_car.elf.dir/Src/main.c.obj
                0x2000080c                buff_index2
 .bss.buff_index1
                0x20000810        0x4 CMakeFiles/balance_car.elf.dir/Src/main.c.obj
                0x20000810                buff_index1
 .bss.mean_buff3
                0x20000814      0x190 CMakeFiles/balance_car.elf.dir/Src/main.c.obj
                0x20000814                mean_buff3
 .bss.mean_buff2
                0x200009a4      0x190 CMakeFiles/balance_car.elf.dir/Src/main.c.obj
                0x200009a4                mean_buff2
 .bss.mean_buff1
                0x20000b34      0x190 CMakeFiles/balance_car.elf.dir/Src/main.c.obj
                0x20000b34                mean_buff1
 .bss.SetSpeed  0x20000cc4        0x4 CMakeFiles/balance_car.elf.dir/Src/main.c.obj
                0x20000cc4                SetSpeed
 .bss.DataBuff  0x20000cc8       0xc8 CMakeFiles/balance_car.elf.dir/Src/main.c.obj
                0x20000cc8                DataBuff
 .bss.RxLine    0x20000d90        0x2 CMakeFiles/balance_car.elf.dir/Src/main.c.obj
                0x20000d90                RxLine
 *fill*         0x20000d92        0x2 
 .bss.RxBuffer  0x20000d94        0x1 CMakeFiles/balance_car.elf.dir/Src/main.c.obj
                0x20000d94                RxBuffer
 *fill*         0x20000d95        0x3 
 .bss.speed2    0x20000d98        0x4 CMakeFiles/balance_car.elf.dir/Src/main.c.obj
                0x20000d98                speed2
 .bss.speed1    0x20000d9c        0x4 CMakeFiles/balance_car.elf.dir/Src/main.c.obj
                0x20000d9c                speed1
 .bss.totalAngle2
                0x20000da0        0x4 CMakeFiles/balance_car.elf.dir/Src/main.c.obj
                0x20000da0                totalAngle2
 .bss.totalAngle1
                0x20000da4        0x4 CMakeFiles/balance_car.elf.dir/Src/main.c.obj
                0x20000da4                totalAngle1
 .bss.gHuart    0x20000da8        0x4 CMakeFiles/balance_car.elf.dir/Src/retarget.c.obj
                0x20000da8                gHuart
 .bss.__sbrk_heap_end
                0x20000dac        0x4 CMakeFiles/balance_car.elf.dir/Src/sysmem.c.obj
 .bss.htim4     0x20000db0       0x48 CMakeFiles/balance_car.elf.dir/Src/tim.c.obj
                0x20000db0                htim4
 .bss.htim3     0x20000df8       0x48 CMakeFiles/balance_car.elf.dir/Src/tim.c.obj
                0x20000df8                htim3
 .bss.htim2     0x20000e40       0x48 CMakeFiles/balance_car.elf.dir/Src/tim.c.obj
                0x20000e40                htim2
 .bss.htim1     0x20000e88       0x48 CMakeFiles/balance_car.elf.dir/Src/tim.c.obj
                0x20000e88                htim1
 .bss.huart3    0x20000ed0       0x48 CMakeFiles/balance_car.elf.dir/Src/usart.c.obj
                0x20000ed0                huart3
 .bss.__sf      0x20000f18      0x138 E:/C/stm32/configuration/arm-gnu-toolchain-13.3.rel1-mingw-w64-i686-arm-none-eabi/bin/../lib/gcc/arm-none-eabi/13.3.1/thumb/v7-m/nofp\libg.a(libc_a-findfp.o)
                0x20000f18                __sf
 .bss.__stdio_exit_handler
                0x20001050        0x4 E:/C/stm32/configuration/arm-gnu-toolchain-13.3.rel1-mingw-w64-i686-arm-none-eabi/bin/../lib/gcc/arm-none-eabi/13.3.1/thumb/v7-m/nofp\libg.a(libc_a-findfp.o)
                0x20001050                __stdio_exit_handler
 .bss.errno     0x20001054        0x4 E:/C/stm32/configuration/arm-gnu-toolchain-13.3.rel1-mingw-w64-i686-arm-none-eabi/bin/../lib/gcc/arm-none-eabi/13.3.1/thumb/v7-m/nofp\libg.a(libc_a-reent.o)
                0x20001054                errno
 .bss.__lock___malloc_recursive_mutex
                0x20001058        0x1 E:/C/stm32/configuration/arm-gnu-toolchain-13.3.rel1-mingw-w64-i686-arm-none-eabi/bin/../lib/gcc/arm-none-eabi/13.3.1/thumb/v7-m/nofp\libg.a(libc_a-lock.o)
                0x20001058                __lock___malloc_recursive_mutex
 *fill*         0x20001059        0x3 
 .bss.__lock___atexit_recursive_mutex